Johannes_Brahms/Symphony_no_2_in_D_major_Op_73_I_Allegro_non_troppo/Symphony_No_2_in_D_Major_Op_73_I_Allegro_non_troppo_from_m4a_-_cut_8_t___212.644792-_-244.91625_t___
Frédéric_Chopin/Nocturnes_Op_48_N_2/Nocturne_in_F_sharp_minor__Op__48_no__2_from_m4a_-_cut_2_t___35.108583-_-61.711542_t___
Johannes_Brahms/Symphony_No_3_in_F_Major_Op_90_I_Allegro_con_brio/Brams_Symphony_No_3_in_F_Op_90_I_Allegro_con_brio_from_wav_-_cut_16_t___448.586937-_-477.7825_t___
Frédéric_Chopin/Mazurkas_Op_7_N_3/Mazurka_in_F_minor__Op__7_no__3_-_cut_2_t___29.590271-_-60.449604_t___
Wolfgang_Amadeus_Mozart/Fantasia_in_D_minor_K_397/Fantasia_in_Dm_K_397_-_cut_11_t___300.485312-_--1_t___
Ludwig_van_Beethoven/Coriolan_Overture_Op_62/Coriolan_Overture_Op_62_from_m4a_-_cut_10_t___270.782104-_-302.407708_t___
Frédéric_Chopin/Waltzes_Op_70_2/Waltz_in_F_minor_Op_70_no_2_1_-_cut_5_t___126.00375-_-154.7295_t___
Frédéric_Chopin/Nocturnes_Op_62_N_2/Nocturne_in_E_major__Op__62_no__2_-_cut_7_t___185.427896-_-210.651646_t___
Frédéric_Chopin/Preludes_Op_20/Preludes_Op_28_No_20_Funeral_march_-_cut_1_t___0.0-_-37.301417_t___
Frédéric_Chopin/Mazurkas_Op_63_N_3/Mazurka_in_C_sharp_minor__Op__63_no__3_-_cut_1_t___0.0-_-32.032708_t___
Pyotr_Ilyich_Tchaikovsky/Symphony_no_6_in_B_minor_Pathtique_Op_74_I_Adagio_Allegro_non_troppo_Andante/Symphony_No_6_In_B_Minor_Op_74_Pathetique_I_Adagio_Allegro_Non_Troppo_from_m4a_-_cut_6_t___153.675491-_-211.566888_t___
Frédéric_Chopin/Nocturnes_Op_37_N_1/Nocturne_Op__37_no__1_in_G_minor_-_cut_11_t___305.97325-_-333.361187_t___
Jose_Perez_Ballester/Solemnidad/SOLEMNIDAD_Jos_P_rez_Ballester_-_cut_9_t___239.851229-_-271.878729_t___
Frédéric_Chopin/Mazurkas_Op_6_N_2/Mazurka_in_C_sharp_minor__Op__6_no__2_EDIT_from_wav_-_cut_1_t___0.0-_-32.810375_t___
Ludwig_van_Beethoven/Symphony_no_1_in_C_major_Op_21_IV_Adagio_Allegro_molto_e_vivace/Symphony_No_1_in_C_major_Op_21_IV_Adagio_Allegro_molto_e_vivace_1_from_wav_-_cut_4_t___95.132146-_-120.74375_t___
Frédéric_Chopin/Nocturnes_Op_37_N_2/Nocturne_Op__37_no__2_in_G_major_from_m4a_-_cut_10_t___272.810375-_-298.015646_t___
Frédéric_Chopin/Nocturnes_Op_15_N_3/Nocturne_in_G_minor__Op__15_no__3_from_m4a_-_cut_6_t___151.161896-_-178.901521_t___
Frédéric_Chopin/Piano_Sonata_no_2_in_Bflat_minor_Funeral_March_op_35_MOV_3/Sonata_no_2_in_B_flat_minor_Funeral_march_III_Marche_Funebre_Lento_OTRA_-_cut_14_t___391.394708-_-418.399521_t___
Frédéric_Chopin/Nocturnes_Op_37_N_1/Nocturne_Op__37_no__1_in_G_minor_EDIT_from_wav_-_cut_14_t___387.335375-_--1_t___
Ludwig_van_Beethoven/Symphony_no_1_in_C_major_Op_21_II_Andante_cantabile_con_moto/Symphony_no_1_in_C_Op_21_II_Andante_cantibile_con_moto_1_-_cut_2_t___36.778208-_-62.112937_t___
Ludwig_van_Beethoven/Beethoven_9th_Symphony_Op_125_I_Allegro_Ma_Non_Troppo_un_Poco_Maestoso/IMSLP7_1_-_cut_16_t___451.105646-_-478.326562_t___
Frédéric_Chopin/Valsa_Minuto_1/Waltz_in_D_flat_major_Minute_Op_64_no_1_-_cut_2_t___29.048167-_-54.462396_t___
Camille_Saint_Saens/Danse_Macabre_Op_40/Danse_macabre_Op_40_-_cut_2_t___29.86772-_-60.826558_t___
Frédéric_Chopin/Mazurkas_Op_56_N_2/Mazurka_in_C_major__Op__56_no__2_from_m4a_-_cut_3_t___60.965604-_-92.045542_t___
Frédéric_Chopin/Polonaise_in_Fsharp_minor_Op_44/Polonaise_in_F_sharp_minor_Op_44_EDIT_from_wav_-_cut_19_t___543.06375-_--1_t___
Johannes_Brahms/Symphony_No_3_in_F_Major_Op_90_I_Allegro_con_brio/Brams_Symphony_No_3_in_F_Op_90_I_Allegro_con_brio_from_wav_-_cut_18_t___510.162729-_-548.197021_t___
Frédéric_Chopin/Nocturne_in_Csharp_minor_Lento_con_gran_espressione_B_49_Op_posth/Nocturne_in_C_sharp_minor__Lento_con_gran_espressione___B__49__Op__posth____2__from_m4a_-_cut_1_t___0.0-_-35.113042_t___
Francisco_Tarrega/23_Variaciones_sobre_el_carnaval_de_Venecia_de_Paganini/23_Variaciones_sobre_el_carnaval_de_Venecia_de_Paganini_from_m4a_-_cut_16_t___452.10202-_--1_t___
Frédéric_Chopin/Piano_Sonata_no_2_in_Bflat_minor_Funeral_March_op_35_MOV_4/Sonata_no_2_in_B_flat_minor_Funeral_march_IV_Finale_Presto_-_cut_3_t___68.695375-_-91.203458_t___
Frédéric_Chopin/Mazurkas_Op_6_N_3/Mazurka_in_E_major__Op__6_no__3_-_cut_4_t___88.534146-_--1_t___
Johannes_Brahms/Symphony_No_1_in_C_minor_Op_68_I_Un_poco_sostenuto_Allegro/Symphony_No_1_in_C_Minor_Op_68_I_Un_poco_sostenuto_Allegro_from_m4a_-_cut_13_t___297.1245-_-331.492479_t___
Johannes_Brahms/Symphony_no_2_in_D_major_Op_73_I_Allegro_non_troppo/Symphony_No_2_in_D_Major_Op_73_I_Allegro_non_troppo_from_m4a_-_cut_21_t___604.029729-_-636.830271_t___
Ludwig_van_Beethoven/Symphony_no_1_in_C_major_Op_21_IV_Adagio_Allegro_molto_e_vivace/Symphony_No_1_in_C_major_Op_21_IV_Adagio_Allegro_molto_e_vivace_1_from_wav_-_cut_10_t___272.866417-_-298.849562_t___
Joaquin_Montanes_Castellano/Agarrate_Saxo/Ag_rrate_Saxo_Joaqu_n_Monta_s_Castellano_Pasodoble_128_kbps_-_cut_3_t___57.010667-_-86.292958_t___
Frédéric_Chopin/Polonaise_in_Fsharp_minor_Op_44/Polonaise_in_F_sharp_minor_Op_44_EDIT_from_wav_-_cut_14_t___397.095521-_-426.810979_t___
Frédéric_Chopin/Nocturnes_Op_27_N_1/Nocturne_in_C_sharp_minor__Op__27_no__1_from_m4a_-_cut_11_t___298.506042-_-328.198875_t___
Frédéric_Chopin/Nocturne_in_Csharp_minor_Lento_con_gran_espressione_B_49_Op_posth/Nocturne_in_C_sharp_minor__Lento_con_gran_espressione___B__49__Op__posth____1__from_m4a_-_cut_1_t___0.0-_-29.059792_t___
Wolfgang_Amadeus_Mozart/Piano_Sonata_no_3_K_281_3_Rondo_Allegro/KV_281_Movement_03_Rondo_Allegro_-_cut_8_t___211.939904-_-242.189904_t___
Wolfgang_Amadeus_Mozart/Fantasia_in_D_minor_K_397/Fantasia_in_Dm_K_397_1_-_cut_8_t___242.177583-_-270.077583_t___
Frédéric_Chopin/Waltzes_Op_70_1/Waltz_in_G_flat_major_Op_70_no_1_1_from_m4a_-_cut_3_t___64.725646-_-93.824083_t___
Frédéric_Chopin/N_1___3_Notturni_op_9/Nocturne_in_B_flat_minor__Op__9_no__1_from_m4a_-_cut_9_t___240.923437-_-275.695333_t___
Johannes_Brahms/Symphony_No_1_in_C_minor_Op_68_IV_Adagio_Piu_andante_Allegro_non_troppo_ma_con_brio/SYMPHO_1_from_m4a_-_cut_19_t___568.194062-_-606.022771_t___
Johannes_Brahms/Symphony_No_1_in_C_minor_Op_68_IV_Adagio_Piu_andante_Allegro_non_troppo_ma_con_brio/SYMPHO_1_from_m4a_-_cut_9_t___274.589312-_-300.584042_t___
Frédéric_Chopin/Nocturnes_Op_48_N_2/Nocturne_in_F_sharp_minor__Op__48_no__2_-_cut_10_t___276.513812-_-303.309625_t___
Ludwig_van_Beethoven/Symphony_no_1_in_C_major_Op_21_III_Minuetto_and_trio/Symphony_no_1_in_C_Op_21_III_Menuetto_Allegro_molto_e_vivace_1_-_cut_6_t___152.844854-_-181.579542_t___
Antonin_Dvorak/Dvok_Serenade_for_Wind_Instruments_Op_44_III_Andante_con_moto/Dvo_k_Serenade_for_Wind_in_D_minor_Op_44_3_Andante_con_moto_-_cut_4_t___96.297164-_-122.628579_t___
Frédéric_Chopin/Waltzes_Op_69_1/Waltz_in_A_flat_major_Farewell_Op_69_no_1_-_cut_3_t___59.255312-_-87.142479_t___
Ludwig_van_Beethoven/Beethoven_9th_Symphony_Op_125_II_Scherzo_Molto_Vivace_Presto/Beethoven_Symphony_No_9_II_Scherzo_Molto_Vivace_Presto_from_wav_-_cut_11_t___266.201562-_-297.708833_t___
Frédéric_Chopin/Nocturnes_Op_48_N_1/Nocturne_in_C_minor__Op__48_no__1_-_cut_8_t___210.661604-_-213.565104_t___
Ludwig_van_Beethoven/Beethoven_9th_Symphony_Op_125_I_Allegro_Ma_Non_Troppo_un_Poco_Maestoso/IMSLP7_1_-_cut_13_t___356.996125-_-391.697417_t___
Ludwig_van_Beethoven/Beethoven_9th_Symphony_Op_125_II_Scherzo_Molto_Vivace_Presto/Beethoven_Symphony_No_9_II_Scherzo_Molto_Vivace_Presto_from_wav_-_cut_10_t___239.939812-_-266.201562_t___
Ludwig_van_Beethoven/Beethoven_9th_Symphony_Op_125_III_Adagio_Molto_e_Cantabile/Beethoven_Symphony_No_9_in_D_minor_Op_125_III_Adagio_Molto_e_Cantabile_from_wav_-_cut_28_t___806.788937-_-844.498146_t___
Johannes_Brahms/Symphony_No_4_in_E_Minor_Op_98_IV_Allegro_energico_e_passionato/Symphony_No_4_in_E_Minor_Op_98_IV_Allegro_Energico_e_Passionato_-_cut_23_t___661.529187-_--1_t___
Johannes_Brahms/Symphony_No_1_in_C_minor_Op_68_II_Andante_sostenuto/Symphony_No_1_in_C_Minor_Op_68_II_Andante_sostenuto_from_m4a_-_cut_17_t___478.064479-_--1_t___
Francisco_Tarrega/07_La_cartagenera/07_La_cartagenera_from_m4a_-_cut_7_t___179.966957-_-210.493179_t___
Ludwig_van_Beethoven/Beethoven_Symphony_no_1_in_C_major_Op_21_I_Adagio_molto_allegro_con_brio/Symphony_no_1_in_C_Op_21_I_Adagio_molto_Allegro_con_brio_-_cut_4_t___91.953417-_-123.079771_t___
Abel_Moreno/La_Madruga/La_Madruga_Marcha_de_Palio_Seville_Procession_-_cut_15_t___422.657068-_--1_t___
Antonin_Dvorak/Dvok_Symphony_no_8_Op_88_I_Allegro_con_brio/Symphony_no_8_Op_88_I_Allegro_con_brio_-_cut_1_t___0.0-_-30.578765_t___
Frédéric_Chopin/Mazurkas_Op_63_N_1/Mazurka_in_B_major__Op__63_no__1_-_cut_5_t___125.813125-_--1_t___
Frédéric_Chopin/Variations_on_La_Ci_Darem_la_Mano_Op_2/X2Download_app_Chopin_Variations_on_L_ci_darem_la_mano_op_2_128_kbps_-_cut_3_t___63.45775-_-86.898271_t___
Ludwig_van_Beethoven/Symphony_no_1_in_C_major_Op_21_I_Adagio_molto_allegro_con_brio/Symphony_No_1_in_C_major_Op_21_I_Adagio_molto_allegro_con_brio_1_from_wav_-_cut_13_t___361.720875-_-393.457396_t___
Frédéric_Chopin/Piano_Sonata_no_2_in_Bflat_minor_Funeral_March_op_35_MOV_2/Sonata_no_2_in_B_flat_minor_Funeral_march_II_Scherzo_-_cut_11_t___299.972729-_-330.042542_t___
Ludwig_van_Beethoven/Beethoven_9th_Symphony_Op_125_I_Allegro_Ma_Non_Troppo_un_Poco_Maestoso/IMSLP484062_PMLP01607_beethoven_9_01_concertgebouw_klemperer_1956_16048_-_cut_29_t___839.48675-_-867.849_t___
Frédéric_Chopin/Nocturnes_Op_62_N_1/Nocturne_in_B_major__Op__62_no__1_EDIT_from_wav_-_cut_8_t___215.433521-_-241.011229_t___
Wolfgang_Amadeus_Mozart/Piano_Sonata_no_14_K_457_I_Allegro/Piano_Sonata_no_14_K_457_I_Allegro_Second_repeat_omitted_-_cut_1_t___0.0-_-31.62_t___
Frédéric_Chopin/Mazurkas_Op_24_N_2/Mazurka_in_C_major__Op__24_no__2__1__EDIT_from_wav_-_cut_2_t___30.703521-_-56.400667_t___
Ludwig_van_Beethoven/Beethoven_Symphony_no_1_in_C_major_Op_21_IV_Adagio_Allegro_molto_e_vivace/Symphony_no_1_in_C_Op_21_IV_Adagio_Allegro_molto_e_vivace_-_cut_6_t___146.815792-_-173.832208_t___
Frédéric_Chopin/Waltzes_Op_34_2/Waltz_in_A_minor_Op_34_no_2_from_m4a_-_cut_4_t___88.073271-_-122.194979_t___
Wolfgang_Amadeus_Mozart/Fantasia_in_D_minor_K_397/Fantasia_in_Dm_K_397_5_-_cut_11_t___304.139875-_--1_t___
Wolfgang_Amadeus_Mozart/Rondo_in_A_minor_K_511/Rondo_No_3_in_A_Minor_K_511_-_cut_3_t___60.882789-_-95.864467_t___
Frédéric_Chopin/Funeral_March_in_C_minor_Op_posth_72_no_2/Funeral_March_in_C_minor__Op__posth__72_no__2_from_m4a_-_cut_11_t___300.743625-_-328.489646_t___
Johannes_Brahms/Symphony_no_2_in_D_major_Op_73_II_Adagio_non_toppo/Symphony_No_2_in_D_Major_Op_73_II_Adagio_non_toppo_from_m4a_-_cut_11_t___306.904312-_-329.601812_t___
Wolfgang_Amadeus_Mozart/Piano_Sonata_no_17_in_BFlat_Major_K_570_2_Adagio/02_1_Allegro_2_Adagio_3_Allegretto_RECORTADO_-_cut_12_t___332.118117-_-362.858117_t___
Frédéric_Chopin/Preludes_Op_28_21/Preludes_Op_28_No_21_Sunday_from_m4a_-_cut_4_t___92.334167-_--1_t___
Pyotr_Ilyich_Tchaikovsky/Symphony_no_6_in_B_minor_Pathtique_Op_74_I_Adagio_Allegro_non_troppo_Andante/Symphony_No_6_In_B_Minor_Op_74_Pathetique_I_Adagio_Allegro_Non_Troppo_from_m4a_-_cut_2_t___32.535491-_-62.435491_t___
Johannes_Brahms/Symphony_No_1_in_C_minor_Op_68_I_Un_poco_sostenuto_Allegro/Symphony_No_1_in_C_Minor_Op_68_I_Un_poco_sostenuto_Allegro_from_m4a_-_cut_12_t___270.581708-_-297.1245_t___
Frédéric_Chopin/N_3___Etudes_Op_10/Etude_Op__10__no__3_in_E_major____Tristesse__-_cut_5_t___117.721208-_-153.654104_t___
Ludwig_van_Beethoven/Beethoven_Symphony_no_1_in_C_major_Op_21_II_Andante_cantabile_con_moto/Symphony_no_1_in_C_Op_21_II_Andante_cantibile_con_moto_-_cut_14_t___391.907458-_-418.262104_t___
Ludwig_van_Beethoven/March_for_Military_Band_WoO_24/Beethoven_March_for_Military_Band_WoO_24_-_cut_9_t___235.825979-_-299.446146_t___
Frédéric_Chopin/Piano_Sonata_no_2_in_Bflat_minor_Funeral_March_op_35_MOV_1/Sonata_no__2_in_B_flat_minor__Funeral_march____I__Grave__Doppio_movimento__1__-_cut_10_t___267.968292-_--1_t___
Wolfgang_Amadeus_Mozart/Piano_Sonata_no_3_K_281_3_Rondo_Allegro/KV_281_Movement_03_Rondo_Allegro_-_cut_5_t___120.159691-_-166.479614_t___
Ludwig_van_Beethoven/Sinfona_n_7_de_Beethoven_Op_92_1_Poco_sostenuto_vivace/L_V_Beethoven_Sinfon_a_No_7_en_La_Mayor_Op_92_Mov_1_Poco_sostenuto_Vivace_-_cut_9_t___240.359917-_-273.715396_t___
Wolfgang_Amadeus_Mozart/Piano_Sonata_no_14_K_457_III_Molto_allegro/Piano_Sonata_no_14_K_457_III_Molto_allegro_-_cut_1_t___0.0-_-30.18_t___
Ludwig_van_Beethoven/Mazurkas_Op_63_N_2/Mazurkaa_in_F_minor__Op__63_no__2_-_cut_5_t___117.271-_--1_t___
Johannes_Brahms/Symphony_No_3_in_F_Major_Op_90_II_Andante/Brahms_Symphony_No_3_in_F_major_Op_90_II_Audante_from_wav_-_cut_4_t___88.100896-_-128.863542_t___
Ludwig_van_Beethoven/Beethoven_Symphony_no_1_in_C_major_Op_21_IV_Adagio_Allegro_molto_e_vivace/Symphony_No_1_in_C_major_Op_21_IV_Adagio_Allegro_molto_e_vivace_from_wav_-_cut_10_t___272.866417-_-298.849562_t___
Ludwig_van_Beethoven/Beethoven_9th_Symphony_Op_125_IV_Presto_Allegro_Assai/Beethoven_Symphony_No_9_in_D_minor_Op_125_IV_Final_from_wav_-_cut_13_t___328.439167-_-352.181583_t___
Frédéric_Chopin/N_7___Etudes_Op_25/Etude_Op__25_no__7_in_C_sharp_minor___Cello___1__from_wav_-_cut_10_t___268.484542-_-309.959708_t___
Johannes_Brahms/Symphony_No_3_in_F_Major_Op_90_I_Allegro_con_brio/Brams_Symphony_No_3_in_F_Op_90_I_Allegro_con_brio_from_wav_-_cut_2_t___25.767708-_-57.408062_t___
Wolfgang_Amadeus_Mozart/Piano_Sonata_no_14_K_457_II_Adagio/Piano_Sonata_no_14_K_457_II_Adagio_-_cut_5_t___121.680698-_-154.870698_t___
Antonin_Dvorak/Dvok_Serenade_for_Wind_Instruments_Op_44_I_Moderato_quasi_Marcia/Dvo_k_Serenade_for_Wind_in_D_minor_Op_44_1_Moderato_quasi_marcia_-_cut_6_t___149.097236-_-178.392957_t___
Wolfgang_Amadeus_Mozart/Piano_Sonata_no_14_K_457_I_Allegro/Piano_Sonata_no_14_K_457_I_Allegro_Second_repeat_omitted_-_cut_10_t___271.045582-_-301.055582_t___
Victor_Ferrer/Mi_Amargura_Victor_Ferrer/Marcha_MI_AMARGURA_Victor_Ferrer_Castillo_MARCHA_DE_PROCESI_N_para_banda_de_m_sica_128_kbps_-_cut_5_t___121.623375-_-151.273375_t___
Pyotr_Ilyich_Tchaikovsky/Symphony_no_6_in_B_minor_Pathtique_Op_74_IV_Finale_Adagio_lamentoso_Andante/Symphony_No_6_in_B_minor_Op_74_Pathetique_IV_Finale_Adagio_lamentoso_from_m4a_-_cut_6_t___160.436897-_-180.546884_t___
Frédéric_Chopin/Piano_Sonata_no_2_in_Bflat_minor_Funeral_March_op_35_MOV_2/Sonata_no_2_in_B_flat_minor_Funeral_march_II_Scherzo_1_-_cut_7_t___182.042208-_-208.942521_t___
Frédéric_Chopin/Mazurkas_Op_56_N_3/Mazurka_in_C_minor__Op__56_no__3_-_cut_6_t___155.798562-_-180.052833_t___
Wolfgang_Amadeus_Mozart/Piano_Sonata_no_7_K_309_1_Allegro/01_Piano_Sonata_no_7_in_C_RECORTADO_-_cut_8_t___211.70525-_-242.29525_t___
Ludwig_van_Beethoven/Symphony_no_1_in_C_major_Op_21_II_Andante_cantabile_con_moto/Symphony_no_1_in_C_Op_21_II_Andante_cantibile_con_moto_1_-_cut_7_t___180.951687-_-213.958854_t___
Ludwig_van_Beethoven/Beethoven_Symphony_no_1_in_C_major_Op_21_III_Minuetto_and_trio/Symphony_no_1_in_C_Op_21_III_Menuetto_Allegro_molto_e_vivace_-_cut_7_t___181.579542-_-212.285479_t___
Johannes_Brahms/Symphony_no_2_in_D_major_Op_73_IV_Allegro_Con_Spirito/Symphony_No_2_in_D_Major_Op_73_IV_Allegro_Con_Spirito_from_m4a_-_cut_15_t___391.609187-_-419.938146_t___
Frédéric_Chopin/Waltzes_Op_69_2/Waltz_in_B_minor_Op_69_no_2_from_m4a_-_cut_5_t___115.163292-_-147.93825_t___
Frédéric_Chopin/Ballade_no_4_Op_52/Ballade_no__2__Frank_Levy_COMPRIMIDO_from_m4a_-_cut_6_t___151.392021-_-181.732479_t___
Abel_Moreno/La_Madruga/La_Madruga_Marcha_de_Palio_Seville_Procession_-_cut_7_t___176.525584-_-205.925099_t___
Ludwig_van_Beethoven/Symphony_no_1_in_C_major_Op_21_I_Adagio_molto_allegro_con_brio/Symphony_no_1_in_C_Op_21_I_Adagio_molto_Allegro_con_brio_1_-_cut_10_t___273.683354-_-299.728208_t___
Ludwig_van_Beethoven/Sinfona_n_7_de_Beethoven_Op_92_4_Allegro_con_brio/Beethoven_Symphony_No_7_in_A_major_op_92_IV_Allegro_con_brio_-_cut_4_t___89.025354-_-123.772958_t___
Frédéric_Chopin/Piano_Sonata_no_2_in_Bflat_minor_Funeral_March_op_35_MOV_1/Sonata_no__2_in_B_flat_minor__Funeral_march____I__Grave__Doppio_movimento_-_cut_8_t___181.776792-_-210.68075_t___
Frédéric_Chopin/Impromptu_no_3_in_Gflat_major_Op_51/Impromptu_no__3_in_G_flat_major__Op__51__1__from_m4a_-_cut_10_t___302.522583-_-333.680021_t___
Ludwig_van_Beethoven/Beethoven_9th_Symphony_Op_125_III_Adagio_Molto_e_Cantabile/Beethoven_Symphony_No_9_in_D_minor_Op_125_III_Adagio_Molto_e_Cantabile_from_wav_-_cut_24_t___693.880104-_-729.325375_t___
Frédéric_Chopin/Mazurkas_Op_17_N_4/Mazurka_in_A_minor__Op__17_no__4__2__-_cut_1_t___0.0-_-28.734687_t___
Ludwig_van_Beethoven/Sinfona_n_7_de_Beethoven_Op_92_1_Poco_sostenuto_vivace/L_V_Beethoven_Sinfon_a_No_7_en_La_Mayor_Op_92_Mov_1_Poco_sostenuto_Vivace_-_cut_4_t___90.565458-_-124.559458_t___
Antonin_Dvorak/Dvok_Symphony_no_7_Op_70_I_Allegro_maestoso/Symphony_no_7_Op_70_I_Allegro_maestoso_-_cut_13_t___360.869647-_-390.77092_t___
Francisco_Tarrega/47_Sueo_Trmolo/47_Sue_o_Tr_molo_from_m4a_-_cut_13_t___362.18896-_--1_t___
Ludwig_van_Beethoven/Beethoven_9th_Symphony_Op_125_IV_Presto_Allegro_Assai/Beethoven_Symphony_No_9_in_D_minor_Op_125_IV_Final_from_wav_-_cut_47_t___1374.333875-_--1_t___
Johannes_Brahms/Symphony_no_2_in_D_major_Op_73_IV_Allegro_Con_Spirito/Symphony_No_2_in_D_Major_Op_73_IV_Allegro_Con_Spirito_from_m4a_-_cut_10_t___266.634708-_-301.718896_t___
Frédéric_Chopin/Mazurkas_Op_7_N_2/Mazurka_in_A_minor__Op__7_no__2_-_cut_3_t___31.878583-_-61.233708_t___
Frédéric_Chopin/Nocturne_in_Csharp_minor_Lento_con_gran_espressione_B_49_Op_posth/Nocturne_in_C_sharp_minor__Lento_con_gran_espressione___B__49__Op__posth___from_m4a_-_cut_4_t___92.856625-_-120.665437_t___
Ludwig_van_Beethoven/Sinfona_n_7_de_Beethoven_Op_92_4_Allegro_con_brio/Beethoven_Symphony_No_7_in_A_major_op_92_IV_Allegro_con_brio_-_cut_3_t___55.484125-_-89.025354_t___
Victor_Ferrer/Mi_Amargura_Victor_Ferrer/Marcha_MI_AMARGURA_Victor_Ferrer_Castillo_MARCHA_DE_PROCESI_N_para_banda_de_m_sica_128_kbps_-_cut_7_t___182.083375-_-217.333375_t___
Wolfgang_Amadeus_Mozart/Requiem_Mozart_VIII_Communio_Lux_aeterna_MozartSssmayr/IMSLP581270_PMLP02751_Mozart_Requiem_14_Karajan_1962_from_wav_-_cut_8_t___243.906802-_-271.932997_t___
Frédéric_Chopin/Bolero_Op_19/Bolero__Op__19_from_m4a_-_cut_2_t___32.61225-_-63.16275_t___
Frédéric_Chopin/Piano_Sonata_no_2_in_Bflat_minor_Funeral_March_op_35_MOV_3/Sonata_no_2_in_B_flat_minor_Funeral_march_III_Marche_Funebre_Lento_OTRA_-_cut_10_t___274.391917-_-304.101833_t___
Ludwig_van_Beethoven/Coriolan_Overture_Op_62/Coriolan_Overture_Op_62_from_m4a_-_cut_13_t___358.568354-_-387.813875_t___
Johannes_Brahms/Symphony_No_3_in_F_Major_Op_90_II_Andante/Brahms_Symphony_No_3_in_F_major_Op_90_II_Audante_from_wav_-_cut_12_t___332.137542-_-361.607854_t___
Frédéric_Chopin/Piano_Sonata_no_2_in_Bflat_minor_Funeral_March_op_35_MOV_3/Sonata_no_2_in_B_flat_minor_Funeral_march_III_Marche_Funebre_Lento_OTRA_-_cut_8_t___185.502562-_-244.539292_t___
Johannes_Brahms/Symphony_No_1_in_C_minor_Op_68_I_Un_poco_sostenuto_Allegro/Symphony_No_1_in_C_Minor_Op_68_I_Un_poco_sostenuto_Allegro_from_m4a_-_cut_10_t___228.908667-_-241.02325_t___
Frédéric_Chopin/Berceuse_Op_57/Berceuse_in_D_flat_major__Op__57___1__-_cut_3_t___63.553-_-91.265896_t___
Ludwig_van_Beethoven/Beethoven_9th_Symphony_Op_125_I_Allegro_Ma_Non_Troppo_un_Poco_Maestoso/IMSLP484062_PMLP01607_beethoven_9_01_concertgebouw_klemperer_1956_16048_-_cut_6_t___154.488021-_-183.268667_t___
Johannes_Brahms/Symphony_No_4_in_E_Minor_Op_98_II_Andante_moderato/Symphony_No_4_in_E_Minor_Op_98_II_Andante_Moderato_from_m4a_-_cut_10_t___307.141187-_-336.769854_t___
Frédéric_Chopin/Mazurkas_Op_56_N_1/Mazurka_in_B_major__Op__56_no__1_from_m4a_-_cut_7_t___180.224208-_-204.186979_t___
Frédéric_Chopin/Preludes_Op_28_6/Preludes_Op_28_No_6_Tolling_bells_-_cut_3_t___60.638896-_-88.746646_t___
Wolfgang_Amadeus_Mozart/Fantasia_in_D_minor_K_397/Fantasia_in_Dm_K_397_2_-_cut_6_t___152.541146-_-180.621146_t___
Ludwig_van_Beethoven/Beethoven_Symphony_no_1_in_C_major_Op_21_II_Andante_cantabile_con_moto/Symphony_No_1_in_C_major_Op_21_II_Andante_cantabile_con_moto_from_wav_-_cut_11_t___298.764271-_-327.266771_t___
Ludwig_van_Beethoven/Sinfona_n_7_de_Beethoven_Op_92_2_Allegretto/L_V_Beethoven_Sinfon_a_No_7_en_La_Mayor_Op_92_Mov_2_Allegretto_-_cut_13_t___364.336521-_-395.544146_t___
Wolfgang_Amadeus_Mozart/Rondo_in_A_minor_K_511/Rondo_No_3_in_A_Minor_K_511_-_cut_13_t___399.95634-_-423.43634_t___
Johannes_Brahms/Symphony_No_3_in_F_Major_Op_90_III_Poco_allegretto/Brahms_Symphony_No_3_in_F_major_Op_90_III_Poco_allegreto_from_wav_-_cut_3_t___61.034-_-95.538833_t___
Johannes_Brahms/Symphony_No_3_in_F_Major_Op_90_II_Andante/Brahms_Symphony_No_3_in_F_major_Op_90_II_Audante_from_wav_-_cut_6_t___156.495292-_-182.466812_t___
Johannes_Brahms/Symphony_No_3_in_F_Major_Op_90_I_Allegro_con_brio/Brahms_Symphony_No_3_in_F_major_Op_90_I_Allegro_con_brio_from_wav_-_cut_8_t___214.738333-_-241.080979_t___
Johannes_Brahms/Symphony_No_3_in_F_Major_Op_90_I_Allegro_con_brio/Brahms_Symphony_No_3_in_F_major_Op_90_I_Allegro_con_brio_from_wav_-_cut_10_t___277.025458-_-301.545729_t___
Johannes_Brahms/Symphony_no_2_in_D_major_Op_73_I_Allegro_non_troppo/Symphony_No_2_in_D_Major_Op_73_I_Allegro_non_troppo_from_m4a_-_cut_27_t___782.994896-_-811.149083_t___
Johannes_Brahms/Symphony_no_2_in_D_major_Op_73_I_Allegro_non_troppo/Symphony_No_2_in_D_Major_Op_73_I_Allegro_non_troppo_from_m4a_-_cut_17_t___480.534437-_-515.712667_t___
Ludwig_van_Beethoven/Beethoven_Symphony_no_1_in_C_major_Op_21_I_Adagio_molto_allegro_con_brio/Symphony_no_1_in_C_Op_21_I_Adagio_molto_Allegro_con_brio_-_cut_14_t___387.145417-_-422.091458_t___
Johannes_Brahms/Symphony_No_3_in_F_Major_Op_90_II_Andante/Brams_Symphony_No_3_in_F_Op_90_II_Andante_from_wav_-_cut_9_t___243.301354-_-273.871437_t___
Antonin_Dvorak/Dvok_Serenade_for_Wind_Instruments_Op_44_II_Minuetto/Dvo_k_Serenade_for_Wind_in_D_minor_Op_44_2_Minuetto_Tempo_di_minuetto_-_cut_11_t___298.23961-_-328.831823_t___
Frédéric_Chopin/Nocturne_in_Csharp_minor_Lento_con_gran_espressione_B_49_Op_posth/Nocturne_in_C_sharp_minor__Lento_con_gran_espressione___B__49__Op__posth____1__-_cut_4_t___95.004437-_-122.810333_t___
Johannes_Brahms/Symphony_no_2_in_D_major_Op_73_III_Allegretto_Grazioso/Symphony_No_2_in_D_Major_Op_73_III_Allegretto_Grazioso_take_1_from_m4a_-_cut_9_t___243.501104-_-275.625917_t___
Frédéric_Chopin/Nocturnes_Op_62_N_2/Nocturne_in_E_major__Op__62_no__2_-_cut_11_t___305.646417-_-329.168229_t___
Wolfgang_Amadeus_Mozart/Requiem_Mozart_VII_Agnus_Dei_MozartSssmayr/IMSLP581269_PMLP02751_Mozart_Requiem_13_Karajan_1962_from_wav_-_cut_2_t___33.83-_-60.369999_t___
Johannes_Brahms/Symphony_No_1_in_C_minor_Op_68_II_Andante_sostenuto/Symphony_No_1_in_C_Minor_Op_68_II_Andante_sostenuto_from_m4a_-_cut_7_t___188.310229-_-216.023229_t___
Johannes_Brahms/Symphony_No_4_in_E_Minor_Op_98_II_Andante_moderato/Symphony_No_4_in_E_Minor_Op_98_II_Andante_Moderato_from_m4a_-_cut_2_t___35.918917-_-66.644167_t___
Frédéric_Chopin/Piano_Sonata_no_2_in_Bflat_minor_Funeral_March_op_35_MOV_2/Sonata_no_2_in_B_flat_minor_Funeral_march_II_Scherzo_-_cut_10_t___267.164167-_-299.972729_t___
Johannes_Brahms/Symphony_no_2_in_D_major_Op_73_II_Adagio_non_toppo/Symphony_No_2_in_D_Major_Op_73_II_Adagio_non_toppo_from_m4a_-_cut_16_t___480.922896-_-506.209417_t___
Johann_Sebastian_Bach/Toccata_and_Fugue_in_D_minor_BWV_565/Toccata_and_Fugue_in_Dm_BWV_565_-_cut_2_t___36.086292-_-62.392292_t___
Frédéric_Chopin/Piano_Concerto_no_2_in_F_minor_Op_21_Mov_3/Piano_Concerto_no__2_in_F_minor__Op__21___III__Allegro_vivace_from_ogg_-_cut_16_t___454.217729-_-484.930396_t___
Frédéric_Chopin/Polonaise_No_2_in_C_Minor_Op_40/Polonaise_in_C_minor_Op_40_no_2_-_cut_1_t___0.0-_-34.411979_t___
Pyotr_Ilyich_Tchaikovsky/Symphony_no_6_in_B_minor_Pathtique_Op_74_IV_Finale_Adagio_lamentoso_Andante/Symphony_No_6_in_B_minor_Op_74_Pathetique_IV_Finale_Adagio_lamentoso_from_m4a_-_cut_4_t___93.186897-_-121.206897_t___
Frédéric_Chopin/Nocturnes_Op_37_N_1/Nocturne_Op__37_no__1_in_G_minor_-_cut_9_t___240.353667-_-273.534979_t___
Camille_Saint_Saens/Samson_and_Delilah_Op_47_Danse_Baccanale/Samson_and_Delilah_Op_47_Danse_Baccanale_-_cut_7_t___180.160488-_-210.947836_t___
Ludwig_van_Beethoven/Symphony_no_2_in_D_Major_Op_36_IV_Allegro_molto/Symphony_no_2_in_D_Major_Op_36_IV_Allegro_molto_-_cut_4_t___91.1525-_-114.608792_t___
Ludwig_van_Beethoven/Sinfona_n_7_de_Beethoven_Op_92_3_Presto/Beethoven_Symphony_No_7_in_A_major_op_92_III_Presto_-_cut_12_t___301.888312-_-330.808771_t___
Frédéric_Chopin/Mazurkas_Op_56_N_3/Mazurka_in_C_minor__Op__56_no__3_-_cut_13_t___360.847146-_--1_t___
Ludwig_van_Beethoven/Symphony_no_1_in_C_major_Op_21_I_Adagio_molto_allegro_con_brio/Symphony_no_1_in_C_Op_21_I_Adagio_molto_Allegro_con_brio_1_-_cut_7_t___183.660625-_-208.331812_t___
Johannes_Brahms/Symphony_No_4_in_E_Minor_Op_98_IV_Allegro_energico_e_passionato/Symphony_No_4_in_E_Minor_Op_98_IV_Allegro_Energico_e_Passionato_-_cut_9_t___246.561062-_-275.377021_t___
Johannes_Brahms/Symphony_No_1_in_C_minor_Op_68_IV_Adagio_Piu_andante_Allegro_non_troppo_ma_con_brio/SYMPHO_1_from_m4a_-_cut_7_t___205.173229-_-241.117729_t___
Pyotr_Ilyich_Tchaikovsky/Symphony_no_6_in_B_minor_Pathtique_Op_74_I_Adagio_Allegro_non_troppo_Andante/Symphony_No_6_In_B_Minor_Op_74_Pathetique_I_Adagio_Allegro_Non_Troppo_from_m4a_-_cut_15_t___540.588267-_-571.329718_t___
Johannes_Brahms/Symphony_No_4_in_E_Minor_Op_98_III_Allegro_giocoso/Symphony_No_4_in_E_Minor_Op_98_III_Allegro_Giocoso_from_m4a_-_cut_5_t___114.932417-_-154.824292_t___
Frédéric_Chopin/Variations_on_La_Ci_Darem_la_Mano_Op_2/X2Download_app_Chopin_Variations_on_L_ci_darem_la_mano_op_2_128_kbps_-_cut_16_t___453.343812-_-467.793875_t___
Ludwig_van_Beethoven/Beethoven_9th_Symphony_Op_125_I_Allegro_Ma_Non_Troppo_un_Poco_Maestoso/IMSLP7_1_-_cut_26_t___754.904646-_-785.880083_t___
Ludwig_van_Beethoven/Symphony_no_2_in_D_Major_Op_36_IV_Allegro_molto/Symphony_no_2_in_D_Major_Op_36_IV_Allegro_molto_from_wav_-_cut_6_t___152.155437-_-182.910583_t___
Antonin_Dvorak/Dvok_Symphony_no_8_Op_88_I_Allegro_con_brio/Symphony_no_8_Op_88_I_Allegro_con_brio_-_cut_15_t___419.017078-_-451.514348_t___
Johannes_Brahms/Symphony_No_3_in_F_Major_Op_90_II_Andante/Brahms_Symphony_No_3_in_F_major_Op_90_II_Audante_from_wav_-_cut_15_t___417.747187-_--1_t___
Frédéric_Chopin/Mazurkas_Op_17_N_4/Mazurka_in_A_minor__Op__17_no__4__2__-_cut_6_t___154.737458-_-180.344833_t___
Johannes_Brahms/Symphony_No_1_in_C_minor_Op_68_III_Un_poco_allegretto_e_grazioso/Symphony_No_1_in_C_Minor_Op_68_III_Un_poco_allegretto_e_grazioso_from_m4a_-_cut_8_t___216.395417-_-246.789896_t___
Francisco_Tarrega/23_Variaciones_sobre_el_carnaval_de_Venecia_de_Paganini/23_Variaciones_sobre_el_carnaval_de_Venecia_de_Paganini_from_m4a_-_cut_9_t___241.243116-_-270.454299_t___
Pyotr_Ilyich_Tchaikovsky/Romeo_and_Juliet_OvertureFantasia/Romeo_and_Juliet_Overture_Fantasia_-_cut_5_t___121.538222-_-152.366634_t___
Frédéric_Chopin/Mazurkas_Op_7_N_1/Mazurka_in_B_flat_major__Op__7_no__1_EDIT_from_wav_-_cut_1_t___0.0-_-30.536687_t___
Pyotr_Ilyich_Tchaikovsky/Romeo_and_Juliet_OvertureFantasia/Romeo_and_Juliet_Overture_Fantasia_-_cut_3_t___74.05824-_-95.70824_t___
Wolfgang_Amadeus_Mozart/Piano_Sonata_no_17_in_BFlat_Major_K_570_2_Adagio/02_1_Allegro_2_Adagio_3_Allegretto_RECORTADO_-_cut_2_t___30.36-_-60.01_t___
Johannes_Brahms/Symphony_No_3_in_F_Major_Op_90_IV_Allegro/Brahms_Symphony_No_3_in_F_major_Op_90_IV_Allegro_from_wav_-_cut_16_t___446.58325-_-481.594271_t___
Frédéric_Chopin/Ballade_no_4_Op_52/Ballade_no__2__Frank_Levy_COMPRIMIDO_from_m4a_-_cut_26_t___750.943208-_--1_t___
Frédéric_Chopin/Piano_Sonata_no_2_in_Bflat_minor_Funeral_March_op_35_MOV_3/Sonata_no_2_in_B_flat_minor_Funeral_march_III_Marche_Funebre_Lento_OTRA_-_cut_17_t___480.556396-_-507.712146_t___
Johann_Sebastian_Bach/Fugue_in_G_minor_Little_BWV_578/Fugue_in_G_Minor_The_Little_-_cut_2_t___30.854229-_-56.280083_t___
Ludwig_van_Beethoven/Symphony_no_2_in_D_Major_Op_36_IV_Allegro_molto/Symphony_no_2_in_D_Major_Op_36_IV_Allegro_molto_-_cut_9_t___241.201792-_-269.375437_t___
Ludwig_van_Beethoven/Symphony_no_1_in_C_major_Op_21_I_Adagio_molto_allegro_con_brio/Symphony_No_1_in_C_major_Op_21_I_Adagio_molto_allegro_con_brio_1_from_wav_-_cut_12_t___333.618583-_-361.720875_t___
Frédéric_Chopin/Valsa_Minuto_2/Waltz_in_C_sharp_minor_Op_64_no_2_-_cut_1_t___0.0-_-29.442896_t___
Ludwig_van_Beethoven/Beethoven_9th_Symphony_Op_125_I_Allegro_Ma_Non_Troppo_un_Poco_Maestoso/IMSLP484062_PMLP01607_beethoven_9_01_concertgebouw_klemperer_1956_16048_-_cut_30_t___867.849-_-900.170292_t___
