Ludwig_van_Beethoven/Beethoven_9th_Symphony_Op_125_III_Adagio_Molto_e_Cantabile/Beethoven_Symphony_No_9_in_D_minor_Op_125_III_Adagio_Molto_e_Cantabile_from_wav_-_cut_25_t___729.325375-_-756.622229_t___
Wolfgang_Amadeus_Mozart/Allegro_in_Bflat_major_K_3/ESTE Allegro_in_Bb_Major_Mozart_K3 1_-_cut_1_t___0.0-_-31.969375_t___
Frédéric_Chopin/Piano_Concerto_no_2_in_F_minor_Op_21_Mov_3/Piano_Concerto_no__2_in_F_minor__Op__21___III__Allegro_vivace_from_ogg_-_cut_5_t___126.875083-_-155.110958_t___
Frédéric_Chopin/Waltzes_Op_70_2/Waltz_in_F_minor_Op_70_no_2_1_from_m4a_-_cut_6_t___155.620083-_--1_t___
Ludwig_van_Beethoven/Symphony_no_2_in_D_Major_Op_36_IV_Allegro_molto/Symphony_no_2_in_D_Major_Op_36_IV_Allegro_molto_-_cut_11_t___299.932896-_-324.142708_t___
Pyotr_Ilyich_Tchaikovsky/Romeo_and_Juliet_OvertureFantasia/Romeo_and_Juliet_Overture_Fantasia_-_cut_12_t___370.600045-_-415.284584_t___
Ludwig_van_Beethoven/Symphony_no_2_in_D_Major_Op_36_IV_Allegro_molto/Symphony_no_2_in_D_Major_Op_36_IV_Allegro_molto_-_cut_2_t___34.620958-_-61.082667_t___
Frédéric_Chopin/Nocturnes_Op_48_N_2/Nocturne_in_F_sharp_minor__Op__48_no__2_from_m4a_-_cut_11_t___297.949854-_-332.744958_t___
Ludwig_van_Beethoven/Beethoven_Symphony_no_1_in_C_major_Op_21_IV_Adagio_Allegro_molto_e_vivace/Symphony_No_1_in_C_major_Op_21_IV_Adagio_Allegro_molto_e_vivace_from_wav_-_cut_13_t___353.2645-_--1_t___
Pyotr_Ilyich_Tchaikovsky/Symphony_no_6_in_B_minor_Pathtique_Op_74_IV_Finale_Adagio_lamentoso_Andante/Symphony_No_6_in_B_minor_Op_74_Pathetique_IV_Finale_Adagio_lamentoso_from_m4a_-_cut_1_t___0.0-_-33.11_t___
Frédéric_Chopin/Piano_Sonata_no_2_in_Bflat_minor_Funeral_March_op_35_MOV_1/Sonata_no__2_in_B_flat_minor__Funeral_march____I__Grave__Doppio_movimento__1__-_cut_7_t___181.776792-_-210.68075_t___
Frédéric_Chopin/N_9___Etudes_Op_10/Etude_Op__10__no__9_in_F_minor_-_cut_4_t___90.059125-_--1_t___
Johann_Sebastian_Bach/Fugue_in_G_minor_Little_BWV_578/Fugue_in_G_Minor_The_Little_from_m4a_-_cut_1_t___0.0-_-32.844625_t___
Frédéric_Chopin/Mazurkas_Op_7_N_2/Mazurka_in_A_minor__Op__7_no__2_-_cut_3_t___31.878583-_-61.233708_t___
Ludwig_van_Beethoven/Beethoven_9th_Symphony_Op_125_I_Allegro_Ma_Non_Troppo_un_Poco_Maestoso/IMSLP484062_PMLP01607_beethoven_9_01_concertgebouw_klemperer_1956_16048_-_cut_29_t___839.48675-_-867.849_t___
Frédéric_Chopin/Valsa_Minuto_1/Waltz_in_D_flat_major_Minute_Op_64_no_1_-_cut_3_t___54.462396-_-89.164625_t___
Frédéric_Chopin/Nocturnes_Op_62_N_2/Nocturne_in_E_major__Op__62_no__2_-_cut_3_t___65.166812-_-92.868208_t___
Ludwig_van_Beethoven/Sinfona_n_7_de_Beethoven_Op_92_2_Allegretto/L_V_Beethoven_Sinfon_a_No_7_en_La_Mayor_Op_92_Mov_2_Allegretto_-_cut_3_t___61.056896-_-94.140083_t___
Ludwig_van_Beethoven/Sinfona_n_7_de_Beethoven_Op_92_1_Poco_sostenuto_vivace/L_V_Beethoven_Sinfon_a_No_7_en_La_Mayor_Op_92_Mov_1_Poco_sostenuto_Vivace_-_cut_16_t___359.414437-_-513.742042_t___
Johannes_Brahms/Symphony_No_3_in_F_Major_Op_90_I_Allegro_con_brio/Brams_Symphony_No_3_in_F_Op_90_I_Allegro_con_brio_from_wav_-_cut_24_t___691.449167-_-726.801542_t___
Camille_Saint_Saens/Danse_Macabre_Op_40/Danse_macabre_Op_40_-_cut_13_t___360.129841-_-389.721185_t___
Frédéric_Chopin/Mazurka_in_Bflat_major_B_73/Mazurka_in_B_flat_major__B__73_-_cut_1_t___0.0-_-27.479208_t___
Frédéric_Chopin/Mazurkas_Op_17_N_4/Mazurka_in_A_minor__Op__17_no__4_-_cut_4_t___90.476562-_-122.438833_t___
Ludwig_van_Beethoven/Beethoven_9th_Symphony_Op_125_I_Allegro_Ma_Non_Troppo_un_Poco_Maestoso/IMSLP484062_PMLP01607_beethoven_9_01_concertgebouw_klemperer_1956_16048_-_cut_13_t___359.215042-_-392.024833_t___
Ludwig_van_Beethoven/Beethoven_9th_Symphony_Op_125_III_Adagio_Molto_e_Cantabile/Beethoven_Symphony_No_9_in_D_minor_Op_125_III_Adagio_Molto_e_Cantabile_from_wav_-_cut_4_t___95.816062-_-125.212542_t___
Francisco_Tarrega/10_El_columpio/10_El_columpio_from_m4a_-_cut_5_t___121.823029-_--1_t___
Clara_Schumann/Schumann_Clara_Lorelei/22_Loreley_from_wav_-_cut_4_t___93.099111-_-119.612653_t___
Wolfgang_Amadeus_Mozart/Rondo_in_A_minor_K_511/Rondo_No_3_in_A_Minor_K_511_-_cut_9_t___242.444072-_-270.86634_t___
Frédéric_Chopin/Mazurkas_Op_63_N_3/Mazurka_in_C_sharp_minor__Op__63_no__3_EDIT_from_wav_-_cut_2_t___32.123875-_-59.674354_t___
Wolfgang_Amadeus_Mozart/Fantasia_in_D_minor_K_397/ESTE Fantasia_in_D_minor_K_397_-_cut_2_t___31.01-_-65.406729_t___
Johannes_Brahms/Symphony_No_3_in_F_Major_Op_90_IV_Allegro/Brahms_Symphony_No_3_in_F_major_Op_90_IV_Allegro_from_wav_-_cut_3_t___60.309187-_-85.654792_t___
Frédéric_Chopin/Mazurkas_Op_17_N_1/Mazurka_in_B_flat_major__Op__17_no__1_EDIT_from_wav_-_cut_1_t___0.0-_-32.972333_t___
Johannes_Brahms/Symphony_No_1_in_C_minor_Op_68_III_Un_poco_allegretto_e_grazioso/Symphony_No_1_in_C_Minor_Op_68_III_Un_poco_allegretto_e_grazioso_from_m4a_-_cut_5_t___119.226854-_-151.874125_t___
Jose_Perez_Ballester/Solemnidad/SOLEMNIDAD_Jos_P_rez_Ballester_-_cut_9_t___239.851229-_-271.878729_t___
Johannes_Brahms/Symphony_no_2_in_D_major_Op_73_IV_Allegro_Con_Spirito/Symphony_No_2_in_D_Major_Op_73_IV_Allegro_Con_Spirito_from_m4a_-_cut_2_t___30.209167-_-60.546021_t___
Frédéric_Chopin/Piano_Sonata_no_2_in_Bflat_minor_Funeral_March_op_35_MOV_3/Sonata_no_2_in_B_flat_minor_Funeral_march_III_Marche_Funebre_Lento_OTRA_-_cut_17_t___480.556396-_-507.712146_t___
Frédéric_Chopin/Preludes_Op_28_21/Preludes_Op_28_No_21_Sunday_from_m4a_-_cut_1_t___0.0-_-33.378687_t___
Frédéric_Chopin/N_1___3_Notturni_op_9/Nocturne_in_B_flat_minor__Op__9_no__1_-_cut_4_t___94.280208-_-118.266417_t___
Wolfgang_Amadeus_Mozart/Rondo_in_D_major_K_485/Rondo_in_D_Major_K_485_-_cut_3_t___60.02-_-95.28834_t___
Frédéric_Chopin/Prelude_in_Csharp_minor_Op_45/Prelude_in_C_sharp_minor_Op_45_1_from_m4a_-_cut_5_t___114.04575-_-154.608_t___
Ludwig_van_Beethoven/Beethoven_9th_Symphony_Op_125_I_Allegro_Ma_Non_Troppo_un_Poco_Maestoso/IMSLP7_1_-_cut_6_t___154.326229-_-184.007562_t___
Felix_Mendelssohn/Mendelssohn_Felix_6_Gesnge_Op86_No1_Das_Fenster/X2Download_app_Das_Fenster_Op_86_No_1_MWV_K_29_128_kbps_-_cut_8_t___209.519385-_--1_t___
Frédéric_Chopin/Piano_Sonata_no_2_in_Bflat_minor_Funeral_March_op_35_MOV_4/Sonata_no_2_in_B_flat_minor_Funeral_march_IV_Finale_Presto_1_-_cut_2_t___33.770562-_-66.966687_t___
Wolfgang_Amadeus_Mozart/Piano_Sonata_no_14_K_457_III_Molto_allegro/Piano_Sonata_no_14_K_457_III_Molto_allegro_-_cut_3_t___63.73112-_-94.643977_t___
Antonin_Dvorak/Dvok_Serenade_for_Wind_Instruments_Op_44_I_Moderato_quasi_Marcia/Dvo_k_Serenade_for_Wind_in_D_minor_Op_44_1_Moderato_quasi_marcia_-_cut_2_t___29.372275-_-52.204181_t___
Johannes_Brahms/Symphony_No_3_in_F_Major_Op_90_I_Allegro_con_brio/Brahms_Symphony_No_3_in_F_major_Op_90_I_Allegro_con_brio_from_wav_-_cut_11_t___301.545729-_-328.37175_t___
Victor_Ferrer/Mi_Amargura_Victor_Ferrer/Marcha_MI_AMARGURA_Victor_Ferrer_Castillo_MARCHA_DE_PROCESI_N_para_banda_de_m_sica_128_kbps_-_cut_9_t___242.063375-_-274.593375_t___
Johannes_Brahms/Symphony_No_4_in_E_Minor_Op_98_IV_Allegro_energico_e_passionato/Symphony_No_4_in_E_Minor_Op_98_IV_Allegro_Energico_e_Passionato_-_cut_17_t___480.997312-_-512.460354_t___
Antonin_Dvorak/Dvok_Symphony_no_8_Op_88_I_Allegro_con_brio/Symphony_no_8_Op_88_I_Allegro_con_brio_-_cut_11_t___301.461998-_-330.812704_t___
Francisco_Tarrega/26_Prelude_No_3_in_G_Major/26_Prelude_No_3_in_G_Major_from_m4a_-_cut_1_t___0.0-_-30.639944_t___
Wolfgang_Amadeus_Mozart/Fantasia_in_D_minor_K_397/Fantasia_in_Dm_K_397_-_cut_2_t___33.37-_-60.373458_t___
Ludwig_van_Beethoven/Symphony_no_1_in_C_major_Op_21_II_Andante_cantabile_con_moto/Symphony_No_1_in_C_major_Op_21_II_Andante_cantabile_con_moto_1_from_wav_-_cut_4_t___90.543396-_-117.397271_t___
Francisco_Tarrega/41_Oremus/41_Oremus_from_m4a_-_cut_1_t___0.0-_-32.733363_t___
Frédéric_Chopin/Bolero_Op_19/Bolero__Op__19_from_m4a_-_cut_14_t___392.469708-_-422.215917_t___
Clara_Schumann/Schumann_Clara_Lorelei/22_Loreley_from_wav_-_cut_1_t___0.0-_-31.564013_t___
Johannes_Brahms/Symphony_No_4_in_E_Minor_Op_98_II_Andante_moderato/Symphony_No_4_in_E_Minor_Op_98_II_Andante_Moderato_from_m4a_-_cut_8_t___241.637708-_-271.347646_t___
Frédéric_Chopin/Nocturnes_Op_48_N_1/Nocturne_in_C_minor__Op__48_no__1_-_cut_10_t___243.042833-_-271.533687_t___
Frédéric_Chopin/Mazurkas_Op_17_N_2/Mazurka_in_E_minor__Op__17__no__2_-_cut_4_t___92.977292-_--1_t___
Clara_Schumann/Schumann_Clara_6_Lieder_Op13_No5_Ich_hab_in_deinem_Auge/09_6_Lieder_Op_13_No_5_Ich_hab_in_deinem_Auge_from_wav_-_cut_3_t___59.893344-_-90.079154_t___
Johannes_Brahms/Symphony_No_3_in_F_Major_Op_90_II_Andante/Symphony_No_3_in_F_Major_Op_90_II_Andante_from_m4a_-_cut_3_t___57.655167-_-89.025333_t___
Wolfgang_Amadeus_Mozart/Piano_Sonata_no_11_K_331_III_Alla_Turca/Piano_Sonata_no_11_K_331_III_Alla_Turca_from_wav_-_cut_1_t___0.0-_-31.486748_t___
Frédéric_Chopin/Nocturnes_Op_62_N_2/Nocturne_in_E_major__Op__62_no__2_-_cut_4_t___92.868208-_-120.639271_t___
Frédéric_Chopin/Nocturnes_Op_27_N_1/Nocturne_in_C_sharp_minor__Op__27_no__1_from_m4a_-_cut_10_t___272.070125-_-298.506042_t___
Johannes_Brahms/Symphony_No_4_in_E_Minor_Op_98_II_Andante_moderato/Symphony_No_4_in_E_Minor_Op_98_II_Andante_Moderato_from_m4a_-_cut_1_t___0.0-_-35.918917_t___
Frédéric_Chopin/Mazurkas_Op_56_N_3/Mazurka_in_C_minor__Op__56_no__3_-_cut_6_t___155.798562-_-180.052833_t___
Ludwig_van_Beethoven/Symphony_no_2_in_D_Major_Op_36_IV_Allegro_molto/Symphony_no_2_in_D_Major_Op_36_IV_Allegro_molto_from_wav_-_cut_13_t___358.635958-_--1_t___
Johannes_Brahms/Symphony_No_1_in_C_minor_Op_68_I_Un_poco_sostenuto_Allegro/Symphony_No_1_in_C_Minor_Op_68_I_Un_poco_sostenuto_Allegro_from_m4a_-_cut_32_t___863.756667-_-897.700708_t___
Frédéric_Chopin/Valsa_Minuto_1/Waltz_in_D_flat_major_Minute_Op_64_no_1_1_-_cut_4_t___98.469354-_--1_t___
Robert_Schumann/74_Fnf_Lieder_Op_40_No_4_Der_Spielmann/74_F_nf_Lieder_Op_40_No_4_Der_Spielmann_from_wav_-_cut_5_t___120.475937-_-150.875937_t___
Frédéric_Chopin/Waltzes_Op_69_1/Waltz_in_A_flat_major_Farewell_Op_69_no_1_-_cut_5_t___119.162792-_-154.538375_t___
Johannes_Brahms/Symphony_No_1_in_C_minor_Op_68_III_Un_poco_allegretto_e_grazioso/Symphony_No_1_in_C_Minor_Op_68_III_Un_poco_allegretto_e_grazioso_from_m4a_-_cut_8_t___216.395417-_-246.789896_t___
Ludwig_van_Beethoven/Coriolan_Overture_Op_62/Coriolan_Overture_Op_62_from_m4a_-_cut_8_t___215.852687-_-244.703854_t___
Frédéric_Chopin/Piano_Sonata_no_2_in_Bflat_minor_Funeral_March_op_35_MOV_2/Sonata_no_2_in_B_flat_minor_Funeral_march_II_Scherzo_1_-_cut_13_t___362.339812-_-385.838417_t___
Johannes_Brahms/Symphony_No_4_in_E_Minor_Op_98_II_Andante_moderato/Symphony_No_4_in_E_Minor_Op_98_II_Andante_Moderato_from_m4a_-_cut_15_t___455.032979-_-480.087292_t___
Frédéric_Chopin/Nocturnes_Op_37_N_2/Nocturne_Op__37_no__2_in_G_major_from_m4a_-_cut_9_t___234.665437-_-272.810375_t___
Frédéric_Chopin/Nocturnes_Op_62_N_2/Nocturne_in_E_major__Op__62_no__2_from_m4a_-_cut_10_t___268.805646-_-305.586042_t___
Pyotr_Ilyich_Tchaikovsky/Symphony_no_6_in_B_minor_Pathtique_Op_74_IV_Finale_Adagio_lamentoso_Andante/Symphony_No_6_in_B_minor_Op_74_Pathetique_IV_Finale_Adagio_lamentoso_from_m4a_-_cut_20_t___601.752258-_--1_t___
Wolfgang_Amadeus_Mozart/Fantasia_in_D_minor_K_397/Fantasia_in_Dm_K_397_1_-_cut_3_t___60.214958-_-119.814958_t___
Ludwig_van_Beethoven/Beethoven_Symphony_no_1_in_C_major_Op_21_IV_Adagio_Allegro_molto_e_vivace/Symphony_No_1_in_C_major_Op_21_IV_Adagio_Allegro_molto_e_vivace_from_wav_-_cut_3_t___56.389667-_-95.132146_t___
Johannes_Brahms/Symphony_no_2_in_D_major_Op_73_I_Allegro_non_troppo/Symphony_No_2_in_D_Major_Op_73_I_Allegro_non_troppo_from_m4a_-_cut_33_t___960.020687-_-992.801687_t___
Ludwig_van_Beethoven/Beethoven_9th_Symphony_Op_125_IV_Presto_Allegro_Assai/Beethoven_Symphony_No_9_in_D_minor_Op_125_IV_Final_from_wav_-_cut_11_t___275.242271-_-301.004792_t___
Frédéric_Chopin/Mazurkas_Op_17_N_1/Mazurka_in_B_flat_major__Op__17_no__1_-_cut_1_t___0.0-_-93.072625_t___
Frédéric_Chopin/Mazurkas_Op_17_N_4/Mazurka_in_A_minor__Op__17_no__4_-_cut_6_t___155.318292-_-179.246458_t___
Francisco_Tarrega/27_Prelude_No_4_in_E_Major/27_Prelude_No_4_in_E_Major_from_m4a_-_cut_1_t___0.0-_-30.236389_t___
Ludwig_van_Beethoven/Beethoven_9th_Symphony_Op_125_III_Adagio_Molto_e_Cantabile/Beethoven_Symphony_No_9_in_D_minor_Op_125_III_Adagio_Molto_e_Cantabile_from_wav_-_cut_1_t___0.0-_-33.463896_t___
Frédéric_Chopin/Nocturnes_Op_48_N_1/Nocturne_in_C_minor__Op__48_no__1_from_m4a_-_cut_10_t___271.9485-_-302.661958_t___
Johannes_Brahms/Symphony_No_3_in_F_Major_Op_90_I_Allegro_con_brio/Brams_Symphony_No_3_in_F_Op_90_I_Allegro_con_brio_from_wav_-_cut_10_t___275.071833-_-302.587479_t___
Pyotr_Ilyich_Tchaikovsky/Romeo_and_Juliet_OvertureFantasia/Romeo_and_Juliet_Overture_Fantasia_-_cut_10_t___303.089741-_-332.219741_t___
Francisco_Tarrega/23_Variaciones_sobre_el_carnaval_de_Venecia_de_Paganini/23_Variaciones_sobre_el_carnaval_de_Venecia_de_Paganini_from_m4a_-_cut_1_t___0.0-_-31.933883_t___
Felix_Mendelssohn/Mendelssohn_Felix_6_Duets_Op63_No5_Volkslied/05_6_Zweistimmige_Lieder_Op_63_No_5_Volkslied_from_wav_-_cut_1_t___0.0-_-29.421957_t___
Johannes_Brahms/Symphony_no_2_in_D_major_Op_73_I_Allegro_non_troppo/Symphony_No_2_in_D_Major_Op_73_I_Allegro_non_troppo_from_m4a_-_cut_4_t___88.952771-_-126.023437_t___
Frédéric_Chopin/Nocturne_in_Csharp_minor_Lento_con_gran_espressione_B_49_Op_posth/Nocturne_in_C_sharp_minor__Lento_con_gran_espressione___B__49__Op__posth___-_cut_3_t___61.761146-_-92.655312_t___
Wolfgang_Amadeus_Mozart/Rondo_in_D_major_K_485/Rondo_in_D_Major_K_485_-_cut_1_t___0.0-_-33.64_t___
Ludwig_van_Beethoven/Beethoven_Symphony_no_1_in_C_major_Op_21_I_Adagio_molto_allegro_con_brio/Symphony_no_1_in_C_Op_21_I_Adagio_molto_Allegro_con_brio_-_cut_14_t___387.145417-_-422.091458_t___
Frédéric_Chopin/Nocturnes_Op_27_N_1/Nocturne_in_C_sharp_minor__Op__27_no__1_from_m4a_-_cut_4_t___91.300833-_-124.619604_t___
Wolfgang_Amadeus_Mozart/Requiem_Mozart_VII_Agnus_Dei_MozartSssmayr/IMSLP581269_PMLP02751_Mozart_Requiem_13_Karajan_1962_from_wav_-_cut_5_t___120.355174-_-153.095174_t___
Ludwig_van_Beethoven/Sinfona_n_7_de_Beethoven_Op_92_2_Allegretto/L_V_Beethoven_Sinfon_a_No_7_en_La_Mayor_Op_92_Mov_2_Allegretto_-_cut_4_t___94.140083-_-124.523396_t___
Frédéric_Chopin/Berceuse_Op_57/Berceuse_in_D_flat_major__Op__57___1__-_cut_10_t___272.726062-_-297.181646_t___
Frédéric_Chopin/Waltzes_Op_70_2/Waltz_in_F_minor_Op_70_no_2_1_from_m4a_-_cut_2_t___30.336875-_-57.597083_t___
Francisco_Tarrega/02_Alborada/02_Alborada_from_m4a_-_cut_1_t___0.0-_-31.004176_t___
Johannes_Brahms/Symphony_No_3_in_F_Major_Op_90_I_Allegro_con_brio/Brams_Symphony_No_3_in_F_Op_90_I_Allegro_con_brio_from_wav_-_cut_15_t___418.2965-_-448.586937_t___
Johannes_Brahms/Symphony_no_2_in_D_major_Op_73_I_Allegro_non_troppo/Symphony_No_2_in_D_Major_Op_73_I_Allegro_non_troppo_from_m4a_-_cut_24_t___697.274833-_-721.493812_t___
Johannes_Brahms/Symphony_no_2_in_D_major_Op_73_III_Allegretto_Grazioso/Symphony_No_2_in_D_Major_Op_73_III_Allegretto_Grazioso_take_1_from_m4a_-_cut_3_t___62.330312-_-91.043708_t___
Antonin_Dvorak/Dvok_Serenade_for_Wind_Instruments_Op_44_III_Andante_con_moto/Dvo_k_Serenade_for_Wind_in_D_minor_Op_44_3_Andante_con_moto_-_cut_2_t___24.135346-_-56.196274_t___
Felix_Mendelssohn/Mendelssohn_Felix_6_Gesnge_Op86_No3_Die_Liebende_schreibt/onlymp3_to_6_Songs_Op_86_No_3_Die_Liebende_schreibt_eYyKgztdKPo_192k_1657246852439_-_cut_4_t___88.798893-_-119.762817_t___
Frédéric_Chopin/N_5___Etudes_Op_10/Etude_Op__10__no__5_in_G_flat_major__Black_Keys__-_cut_3_t___55.588583-_-93.030771_t___
Ludwig_van_Beethoven/Symphony_no_1_in_C_major_Op_21_I_Adagio_molto_allegro_con_brio/Symphony_no_1_in_C_Op_21_I_Adagio_molto_Allegro_con_brio_1_-_cut_5_t___123.079771-_-154.380271_t___
Frédéric_Chopin/Polonaise_No_2_in_C_Minor_Op_40/Polonaise_in_C_minor_Op_40_no_2_-_cut_14_t___387.503104-_-422.248833_t___
Ludwig_van_Beethoven/Coriolan_Overture_Op_62/Coriolan_Overture_Op_62_from_m4a_-_cut_3_t___61.184583-_-88.456417_t___
Ludwig_van_Beethoven/Sinfona_n_7_de_Beethoven_Op_92_4_Allegro_con_brio/Beethoven_Symphony_No_7_in_A_major_op_92_IV_Allegro_con_brio_-_cut_1_t___0.0-_-35.514958_t___
Johannes_Brahms/Symphony_No_1_in_C_minor_Op_68_IV_Adagio_Piu_andante_Allegro_non_troppo_ma_con_brio/SYMPHO_1_from_m4a_-_cut_20_t___606.022771-_-634.928229_t___
Ludwig_van_Beethoven/Beethoven_Symphony_no_1_in_C_major_Op_21_I_Adagio_molto_allegro_con_brio/Symphony_no_1_in_C_Op_21_I_Adagio_molto_Allegro_con_brio_-_cut_11_t___299.728208-_-327.267062_t___
Frédéric_Chopin/Preludes_Op_28_22/Preludes_Op_28_No_22_Impatience_from_m4a_-_cut_2_t___30.255021-_--1_t___
Frédéric_Chopin/Polonaise_in_Fsharp_minor_Op_44/Polonaise_in_F_sharp_minor_Op_44_EDIT_from_wav_-_cut_15_t___426.810979-_-453.037937_t___
Frédéric_Chopin/Nocturnes_Op_48_N_2/Nocturne_in_F_sharp_minor__Op__48_no__2_from_m4a_-_cut_1_t___0.0-_-35.108583_t___
Johannes_Brahms/Symphony_no_2_in_D_major_Op_73_I_Allegro_non_troppo/Symphony_No_2_in_D_Major_Op_73_I_Allegro_non_troppo_from_m4a_-_cut_3_t___63.901312-_-88.952771_t___
Ludwig_van_Beethoven/Beethoven_Symphony_no_1_in_C_major_Op_21_III_Minuetto_and_trio/Symphony_no_1_in_C_Op_21_III_Menuetto_Allegro_molto_e_vivace_-_cut_5_t___90.918021-_-152.844854_t___
Ludwig_van_Beethoven/Beethoven_9th_Symphony_Op_125_IV_Presto_Allegro_Assai/Beethoven_Symphony_No_9_in_D_minor_Op_125_IV_Final_from_wav_-_cut_41_t___1167.508104-_-1199.996417_t___
Ludwig_van_Beethoven/Beethoven_9th_Symphony_Op_125_I_Allegro_Ma_Non_Troppo_un_Poco_Maestoso/IMSLP7_1_-_cut_12_t___323.240562-_-356.996125_t___
Frédéric_Chopin/Fugue_in_A_minor_B_144/Fugue_in_A_minor__B__144_from_m4a_-_cut_1_t___0.0-_-31.963062_t___
Frédéric_Chopin/N_3___Etudes_Op_10/Etude_Op__10__no__3_in_E_major____Tristesse__-_cut_4_t___94.904667-_-117.721208_t___
Frédéric_Chopin/Mazurkas_Op_6_N_2/Mazurka_in_C_sharp_minor__Op__6_no__2_-_cut_2_t___30.999333-_-60.198583_t___
Johannes_Brahms/Symphony_No_4_in_E_Minor_Op_98_II_Andante_moderato/Symphony_No_4_in_E_Minor_Op_98_II_Andante_Moderato_from_m4a_-_cut_2_t___35.918917-_-66.644167_t___
Frédéric_Chopin/Valsa_Minuto_2/Waltz_in_C_sharp_minor_Op_64_no_2_from_m4a_-_cut_1_t___0.0-_-29.210708_t___
Felix_Mendelssohn/Mendelssohn_Felix_6_Duets_Op63_No1_Ich_wollt_meine_Lieb_ergsse_sich/01_6_Zweistimmige_Lieder_Op_63_No_1_Ich_wollt_meine_Lieb_from_wav_-_cut_3_t___60.386483-_-91.705154_t___
Pyotr_Ilyich_Tchaikovsky/Romeo_and_Juliet_OvertureFantasia/Romeo_and_Juliet_Overture_Fantasia_-_cut_2_t___30.759981-_-74.05824_t___
Robert_Schumann/74_Fnf_Lieder_Op_40_No_4_Der_Spielmann/74_F_nf_Lieder_Op_40_No_4_Der_Spielmann_from_wav_-_cut_4_t___91.595937-_-120.475937_t___
Ludwig_van_Beethoven/Symphony_no_1_in_C_major_Op_21_I_Adagio_molto_allegro_con_brio/Symphony_no_1_in_C_Op_21_I_Adagio_molto_Allegro_con_brio_1_-_cut_11_t___299.728208-_-327.267062_t___
Francisco_Tarrega/04_Pavana/04_Pavana_from_m4a_-_cut_4_t___89.803278-_--1_t___
Frédéric_Chopin/Valsa_Minuto_2/Waltz_in_C_sharp_minor_Op_64_no_2_from_m4a_-_cut_5_t___116.748271-_-145.250771_t___
Ludwig_van_Beethoven/Symphony_no_2_in_D_Major_Op_36_IV_Allegro_molto/Symphony_no_2_in_D_Major_Op_36_IV_Allegro_molto_-_cut_9_t___241.201792-_-269.375437_t___
Frédéric_Chopin/Mazurkas_Op_68_N_3/Mazurka_in_F_major__Op__68_no__3_-_cut_3_t___63.686437-_--1_t___
Johannes_Brahms/Symphony_No_3_in_F_Major_Op_90_IV_Allegro/Brahms_Symphony_No_3_in_F_major_Op_90_IV_Allegro_from_wav_-_cut_13_t___366.811104-_-394.257083_t___
Johannes_Brahms/Symphony_No_1_in_C_minor_Op_68_III_Un_poco_allegretto_e_grazioso/Symphony_No_1_in_C_Minor_Op_68_III_Un_poco_allegretto_e_grazioso_from_m4a_-_cut_7_t___186.604229-_-216.395417_t___
Frédéric_Chopin/Mazurkas_Op_56_N_2/Mazurka_in_C_major__Op__56_no__2_-_cut_3_t___65.488229-_-94.613958_t___
Frédéric_Chopin/Bolero_Op_19/Bolero__Op__19_from_m4a_-_cut_6_t___151.834479-_-182.856333_t___
Frédéric_Chopin/Berceuse_Op_57/Berceuse_in_D_flat_major__Op__57___1__-_cut_2_t___32.763354-_-63.553_t___
Pyotr_Ilyich_Tchaikovsky/Symphony_no_6_in_B_minor_Pathtique_Op_74_IV_Finale_Adagio_lamentoso_Andante/Symphony_No_6_in_B_minor_Op_74_Pathetique_IV_Finale_Adagio_lamentoso_from_m4a_-_cut_5_t___121.206897-_-160.436897_t___
Wolfgang_Amadeus_Mozart/Fantasia_in_D_minor_K_397/Fantasia_in_Dm_K_397_5_-_cut_4_t___92.573354-_-120.093354_t___
Ludwig_van_Beethoven/Beethoven_Symphony_no_1_in_C_major_Op_21_II_Andante_cantabile_con_moto/Symphony_No_1_in_C_major_Op_21_II_Andante_cantabile_con_moto_from_wav_-_cut_12_t___327.266771-_-350.684083_t___
Wolfgang_Amadeus_Mozart/Piano_Sonata_no_14_K_457_II_Adagio/Piano_Sonata_no_14_K_457_II_Adagio_-_cut_6_t___154.870698-_-181.949786_t___
Frédéric_Chopin/Berceuse_Op_57/Berceuse_in_D_flat_major__Op__57___1__-_cut_3_t___63.553-_-91.265896_t___
Frédéric_Chopin/Nocturnes_Op_37_N_1/Nocturne_Op__37_no__1_in_G_minor_-_cut_7_t___184.011896-_-212.154479_t___
Frédéric_Chopin/Piano_Sonata_no_2_in_Bflat_minor_Funeral_March_op_35_MOV_3/Sonata_no_2_in_B_flat_minor_Funeral_march_III_Marche_Funebre_Lento_OTRA_-_cut_10_t___274.391917-_-304.101833_t___
Frédéric_Chopin/Mazurkas_Op_6_N_3/Mazurka_in_E_major__Op__6_no__3_-_cut_1_t___0.0-_-28.615083_t___
Johannes_Brahms/Symphony_No_1_in_C_minor_Op_68_III_Un_poco_allegretto_e_grazioso/Symphony_No_1_in_C_Minor_Op_68_III_Un_poco_allegretto_e_grazioso_from_m4a_-_cut_10_t___268.558604-_--1_t___
Ludwig_van_Beethoven/Symphony_no_1_in_C_major_Op_21_I_Adagio_molto_allegro_con_brio/Symphony_no_1_in_C_Op_21_I_Adagio_molto_Allegro_con_brio_1_-_cut_14_t___387.145417-_-422.091458_t___
Victor_Ferrer/Mi_Amargura_Victor_Ferrer/Marcha_MI_AMARGURA_Victor_Ferrer_Castillo_MARCHA_DE_PROCESI_N_para_banda_de_m_sica_128_kbps_-_cut_1_t___0.0-_-31.433375_t___
Frédéric_Chopin/Nocturnes_Op_37_N_2/Nocturne_Op__37_no__2_in_G_major_from_m4a_-_cut_8_t___217.530771-_-234.665437_t___
Ludwig_van_Beethoven/Beethoven_9th_Symphony_Op_125_II_Scherzo_Molto_Vivace_Presto/Beethoven_Symphony_No_9_II_Scherzo_Molto_Vivace_Presto_from_wav_-_cut_9_t___207.025562-_-239.939812_t___
Frédéric_Chopin/Bolero_Op_19/Bolero__Op__19_from_m4a_-_cut_3_t___63.16275-_-87.149229_t___
Ludwig_van_Beethoven/Symphony_no_1_in_C_major_Op_21_IV_Adagio_Allegro_molto_e_vivace/Symphony_no_1_in_C_Op_21_IV_Adagio_Allegro_molto_e_vivace_1_-_cut_5_t___120.716562-_-146.815792_t___
Frédéric_Chopin/Ballade_no_4_Op_52/Ballade_no__2__Frank_Levy_COMPRIMIDO_from_m4a_-_cut_8_t___210.85825-_-242.53825_t___
Clara_Schumann/Schumann_Clara_6_Lieder_Op13_No6_Die_stille_Lotosblume/10_6_Lieder_Op_13_No_6_Die_stille_Lotosblume_from_wav_-_cut_3_t___58.845179-_-90.052783_t___
Frédéric_Chopin/Valsa_Minuto_2/Waltz_in_C_sharp_minor_Op_64_no_2_from_m4a_-_cut_8_t___210.522062-_--1_t___
Johannes_Brahms/Symphony_No_1_in_C_minor_Op_68_I_Un_poco_sostenuto_Allegro/Symphony_No_1_in_C_Minor_Op_68_I_Un_poco_sostenuto_Allegro_from_m4a_-_cut_3_t___57.887854-_-90.505667_t___
Ludwig_van_Beethoven/Beethoven_Symphony_no_1_in_C_major_Op_21_I_Adagio_molto_allegro_con_brio/Symphony_no_1_in_C_Op_21_I_Adagio_molto_Allegro_con_brio_-_cut_18_t___505.520312-_--1_t___
Wolfgang_Amadeus_Mozart/Piano_Sonata_no_3_K_281_3_Rondo_Allegro/Rondeau_Allegro_-_cut_2_t___27.17-_-63.792321_t___
Johannes_Brahms/Symphony_No_3_in_F_Major_Op_90_II_Andante/Brahms_Symphony_No_3_in_F_major_Op_90_II_Audante_from_wav_-_cut_4_t___88.100896-_-128.863542_t___
Frédéric_Chopin/Piano_Sonata_no_2_in_Bflat_minor_Funeral_March_op_35_MOV_2/Sonata_no_2_in_B_flat_minor_Funeral_march_II_Scherzo_1_-_cut_3_t___56.152-_-86.654604_t___
Frédéric_Chopin/Preludes_Op_28_21/Preludes_Op_28_No_21_Sunday_-_cut_3_t___64.42375-_-93.788937_t___
Ludwig_van_Beethoven/Symphony_no_2_in_D_Major_Op_36_III_Scherzo_Allegro/Symphony_no_2_in_D_Major_Op_36_III_Scherzo_Allegro_-_cut_3_t___57.922208-_-179.958979_t___
Frédéric_Chopin/Nocturne_in_Csharp_minor_Lento_con_gran_espressione_B_49_Op_posth/Nocturne_in_C_sharp_minor__Lento_con_gran_espressione___B__49__Op__posth___from_m4a_-_cut_4_t___92.856625-_-120.665437_t___
Frédéric_Chopin/Piano_Sonata_no_2_in_Bflat_minor_Funeral_March_op_35_MOV_2/Sonata_no_2_in_B_flat_minor_Funeral_march_II_Scherzo_1_-_cut_4_t___86.654604-_-117.885458_t___
Frédéric_Chopin/Piano_Sonata_no_2_in_Bflat_minor_Funeral_March_op_35_MOV_1/Sonata_no__2_in_B_flat_minor__Funeral_march____I__Grave__Doppio_movimento__1__-_cut_4_t___95.205896-_-114.942854_t___
Frédéric_Chopin/Nocturnes_Op_48_N_2/Nocturne_in_F_sharp_minor__Op__48_no__2_-_cut_5_t___125.596979-_-153.170667_t___
Antonin_Dvorak/Dvok_Serenade_for_Wind_Instruments_Op_44_IV_Allegro_Molto/Dvo_k_Serenade_for_Wind_in_D_minor_Op_44_4_Finale_Allegro_molto_-_cut_6_t___148.236472-_-177.834062_t___
Frédéric_Chopin/Piano_Sonata_no_2_in_Bflat_minor_Funeral_March_op_35_MOV_4/Sonata_no_2_in_B_flat_minor_Funeral_march_IV_Finale_Presto_-_cut_1_t___0.0-_-31.435375_t___
Abel_Moreno/La_Madruga/La_Madruga_Marcha_de_Palio_Seville_Procession_-_cut_8_t___205.925099-_-237.443186_t___
Frédéric_Chopin/Nocturne_in_Csharp_minor_Lento_con_gran_espressione_B_49_Op_posth/Nocturne_in_C_sharp_minor__Lento_con_gran_espressione___B__49__Op__posth___from_m4a_-_cut_2_t___28.653437-_-61.7535_t___
Frédéric_Chopin/Preludes_Op_28_4/Preludes_Op_28_No_4_Suffocation_from_m4a_-_cut_3_t___69.799187-_-88.971333_t___
Ludwig_van_Beethoven/Beethoven_9th_Symphony_Op_125_II_Scherzo_Molto_Vivace_Presto/Beethoven_Symphony_No_9_II_Scherzo_Molto_Vivace_Presto_from_wav_-_cut_3_t___60.566542-_-89.922875_t___
Wolfgang_Amadeus_Mozart/Piano_Sonata_no_5_in_G_major_K_283_1/Sonata_5_2_2_M_1_Recortado_-_cut_1_t___0.0-_-30.479999_t___
Frédéric_Chopin/Nocturnes_Op_37_N_1/Nocturne_Op__37_no__1_in_G_minor_-_cut_10_t___273.534979-_-305.97325_t___
Ludwig_van_Beethoven/Symphony_no_1_in_C_major_Op_21_I_Adagio_molto_allegro_con_brio/Symphony_No_1_in_C_major_Op_21_I_Adagio_molto_allegro_con_brio_1_from_wav_-_cut_10_t___268.788437-_-303.316521_t___
Frédéric_Chopin/Prelude_in_Aflat_major_B_86/Prelude_in_A_flat_major_B_86_1_-_cut_2_t___28.665979-_--1_t___
Francisco_Tarrega/13_Malaguea_fcil/13_Malague_a_f_cil_from_m4a_-_cut_3_t___61.293711-_--1_t___
Antonin_Dvorak/Dvok_Symphony_no_7_Op_70_I_Allegro_maestoso/Symphony_no_7_Op_70_I_Allegro_maestoso_-_cut_18_t___507.391498-_-541.30352_t___
Frédéric_Chopin/Waltz_in_Aflat_major_Op_42/Waltz_in_A_flat_major_Op_42_EDIT_from_wav_-_cut_1_t___0.0-_-33.505458_t___
Johannes_Brahms/Symphony_no_2_in_D_major_Op_73_I_Allegro_non_troppo/Symphony_No_2_in_D_Major_Op_73_I_Allegro_non_troppo_from_m4a_-_cut_16_t___451.722229-_-480.534437_t___
Frédéric_Chopin/Preludes_Op_20/Preludes_Op_28_No_20_Funeral_march_-_cut_2_t___37.301417-_-62.971083_t___
Antonin_Dvorak/Dvok_Piano_Concerto_Op_33_II_Andante_sostenuto/Dvo_k_Piano_Concerto_in_G_Minor_Op_33_2_Andante_sostenuto_-_cut_1_t___0.0-_-31.283556_t___
Frédéric_Chopin/Funeral_March_in_C_minor_Op_posth_72_no_2/Funeral_March_in_C_minor__Op__posth__72_no__2_from_m4a_-_cut_9_t___242.339979-_-273.5995_t___
Johannes_Brahms/Symphony_no_2_in_D_major_Op_73_III_Allegretto_Grazioso/Symphony_No_2_in_D_Major_Op_73_III_Allegretto_Grazioso_take_1_from_m4a_-_cut_5_t___123.822875-_-153.581812_t___
Johannes_Brahms/Symphony_No_4_in_E_Minor_Op_98_IV_Allegro_energico_e_passionato/Symphony_No_4_in_E_Minor_Op_98_IV_Allegro_Energico_e_Passionato_-_cut_13_t___366.195042-_-387.476125_t___
Frédéric_Chopin/N_3___Etudes_Op_10/Etude_Op__10__no__3_in_E_major____Tristesse__from_m4a_-_cut_2_t___33.996083-_-63.487375_t___
Frédéric_Chopin/Tarantella_Op_43/Tarantelle_Op_43_from_m4a_-_cut_7_t___186.006146-_--1_t___
Frédéric_Chopin/Nocturnes_Op_37_N_2/Nocturne_Op__37_no__2_in_G_major_from_m4a_-_cut_11_t___298.015646-_-329.211646_t___
Wolfgang_Amadeus_Mozart/Piano_Sonata_no_7_K_309_1_Allegro/01_Piano_Sonata_no_7_in_C_RECORTADO_-_cut_3_t___60.31725-_-90.27725_t___
Ludwig_van_Beethoven/Sinfona_n_7_de_Beethoven_Op_92_3_Presto/Beethoven_Symphony_No_7_in_A_major_op_92_III_Presto_-_cut_6_t___87.684104-_-150.536667_t___
Francisco_Tarrega/23_Variaciones_sobre_el_carnaval_de_Venecia_de_Paganini/23_Variaciones_sobre_el_carnaval_de_Venecia_de_Paganini_from_m4a_-_cut_2_t___31.933883-_-61.502019_t___
Frédéric_Chopin/Preludes_Op_28_6/Preludes_Op_28_No_6_Tolling_bells_1_-_cut_3_t___58.859583-_-89.695687_t___
Frédéric_Chopin/Preludes_Op_28_18/Preludes_Op_28_No_18_Suicide_from_m4a_-_cut_2_t___33.654146-_-63.895083_t___
Frédéric_Chopin/Piano_Sonata_no_2_in_Bflat_minor_Funeral_March_op_35_MOV_1/Sonata_no__2_in_B_flat_minor__Funeral_march____I__Grave__Doppio_movimento_-_cut_6_t___147.0595-_-172.919229_t___
Francisco_Tarrega/07_La_cartagenera/07_La_cartagenera_from_m4a_-_cut_2_t___30.350948-_-60.283153_t___
Frédéric_Chopin/N_9___Etudes_Op_10/Etude_Op__10__no__9_in_F_minor_from_m4a_-_cut_5_t___127.609604-_--1_t___
Clara_Schumann/Schumann_Clara_6_Lieder_Op23_No4_Auf_einem_grnen_Hgel/14_6_Lieder_aus_Jucunde_Op_23_No_4_Auf_einem_grunen_Hugel_from_wav_-_cut_3_t___58.062471-_-92.303257_t___
Ludwig_van_Beethoven/Symphony_no_1_in_C_major_Op_21_IV_Adagio_Allegro_molto_e_vivace/Symphony_No_1_in_C_major_Op_21_IV_Adagio_Allegro_molto_e_vivace_1_from_wav_-_cut_12_t___328.396937-_-353.2645_t___
Johannes_Brahms/Symphony_no_2_in_D_major_Op_73_II_Adagio_non_toppo/Symphony_No_2_in_D_Major_Op_73_II_Adagio_non_toppo_from_m4a_-_cut_2_t___27.805896-_-63.378875_t___
Frédéric_Chopin/N_7___Etudes_Op_25/Etude_Op__25_no__7_in_C_sharp_minor___Cello___1__from_wav_-_cut_10_t___268.484542-_-309.959708_t___
Joaquin_Montanes_Castellano/Agarrate_Saxo/Ag_rrate_Saxo_Joaqu_n_Monta_s_Castellano_Pasodoble_128_kbps_-_cut_5_t___118.678875-_-151.968312_t___
Frédéric_Chopin/Mazurkas_Op_56_N_3/Mazurka_in_C_minor__Op__56_no__3_-_cut_5_t___122.613-_-155.798562_t___
Johann_Sebastian_Bach/Toccata_and_Fugue_in_D_minor_BWV_565/Toccata_and_Fugue_in_Dm_BWV_565_-_cut_13_t___329.435854-_-355.578021_t___
Antonin_Dvorak/Dvok_Symphony_no_8_Op_88_I_Allegro_con_brio/Symphony_no_8_Op_88_I_Allegro_con_brio_-_cut_3_t___61.445663-_-91.420414_t___
Frédéric_Chopin/Mazurkas_Op_7_N_2/Mazurka_in_A_minor__Op__7_no__2_EDIT_from_wav_-_cut_1_t___0.0-_-178.087854_t___
Francisco_Tarrega/07_La_cartagenera/07_La_cartagenera_from_m4a_-_cut_1_t___0.0-_-30.350948_t___
Frédéric_Chopin/Piano_Sonata_no_2_in_Bflat_minor_Funeral_March_op_35_MOV_2/Sonata_no_2_in_B_flat_minor_Funeral_march_II_Scherzo_-_cut_9_t___242.012062-_-267.164167_t___
Camille_Saint_Saens/Samson_and_Delilah_Op_47_Danse_Baccanale/Samson_and_Delilah_Op_47_Danse_Baccanale_-_cut_7_t___180.160488-_-210.947836_t___
Ludwig_van_Beethoven/Beethoven_Symphony_no_1_in_C_major_Op_21_I_Adagio_molto_allegro_con_brio/Symphony_no_1_in_C_Op_21_I_Adagio_molto_Allegro_con_brio_-_cut_6_t___154.380271-_-183.660625_t___
Johannes_Brahms/Symphony_No_4_in_E_Minor_Op_98_III_Allegro_giocoso/Symphony_No_4_in_E_Minor_Op_98_III_Allegro_Giocoso_from_m4a_-_cut_13_t___364.874146-_--1_t___
Frédéric_Chopin/Nocturnes_Op_27_N_1/Nocturne_in_C_sharp_minor__Op__27_no__1_from_m4a_-_cut_6_t___151.310937-_-181.136958_t___
Ludwig_van_Beethoven/Beethoven_9th_Symphony_Op_125_I_Allegro_Ma_Non_Troppo_un_Poco_Maestoso/IMSLP484062_PMLP01607_beethoven_9_01_concertgebouw_klemperer_1956_16048_-_cut_12_t___336.16925-_-359.215042_t___
Frédéric_Chopin/Valsa_Minuto_2/Waltz_in_C_sharp_minor_Op_64_no_2_from_m4a_-_cut_2_t___29.210708-_-62.101771_t___
Frédéric_Chopin/Nocturnes_Op_37_N_1/Nocturne_Op__37_no__1_in_G_minor_EDIT_from_wav_-_cut_5_t___123.100604-_-151.54125_t___
Johannes_Brahms/Symphony_No_3_in_F_Major_Op_90_I_Allegro_con_brio/Brahms_Symphony_No_3_in_F_major_Op_90_I_Allegro_con_brio_from_wav_-_cut_3_t___63.434375-_-90.764271_t___
Frédéric_Chopin/Preludes_Op_28_7/Preludes_Op_28_No_7_The_Polish_dancer_1_-_cut_2_t___34.771896-_--1_t___
Frédéric_Chopin/N_4___Etudes_Op_10/Etude_Op__10__no__4_in_C_sharp_minor____Torrent__from_m4a_-_cut_1_t___0.0-_-26.610083_t___
Johannes_Brahms/Symphony_no_2_in_D_major_Op_73_I_Allegro_non_troppo/Symphony_No_2_in_D_Major_Op_73_I_Allegro_non_troppo_from_m4a_-_cut_13_t___363.183917-_-385.391958_t___
Ludwig_van_Beethoven/Symphony_no_1_in_C_major_Op_21_IV_Adagio_Allegro_molto_e_vivace/Symphony_No_1_in_C_major_Op_21_IV_Adagio_Allegro_molto_e_vivace_1_from_wav_-_cut_5_t___120.74375-_-151.503521_t___
Wolfgang_Amadeus_Mozart/Piano_Sonata_no_17_in_BFlat_Major_K_570_2_Adagio/02_1_Allegro_2_Adagio_3_Allegretto_RECORTADO_-_cut_9_t___240.876707-_-273.076707_t___
Pyotr_Ilyich_Tchaikovsky/Symphony_no_6_in_B_minor_Pathtique_Op_74_I_Adagio_Allegro_non_troppo_Andante/Symphony_No_6_In_B_Minor_Op_74_Pathetique_I_Adagio_Allegro_Non_Troppo_from_m4a_-_cut_8_t___250.413197-_-302.123197_t___
Wolfgang_Amadeus_Mozart/Piano_Sonata_no_14_K_457_I_Allegro/Piano_Sonata_no_14_K_457_I_Allegro_Second_repeat_omitted_-_cut_8_t___210.735863-_-244.065863_t___
Ludwig_van_Beethoven/Beethoven_Symphony_no_1_in_C_major_Op_21_IV_Adagio_Allegro_molto_e_vivace/Symphony_No_1_in_C_major_Op_21_IV_Adagio_Allegro_molto_e_vivace_from_wav_-_cut_11_t___298.849562-_-328.396937_t___
Pyotr_Ilyich_Tchaikovsky/Romeo_and_Juliet_OvertureFantasia/Romeo_and_Juliet_Overture_Fantasia_-_cut_15_t___483.314566-_-539.844566_t___
Johannes_Brahms/Symphony_No_3_in_F_Major_Op_90_I_Allegro_con_brio/Brahms_Symphony_No_3_in_F_major_Op_90_I_Allegro_con_brio_from_wav_-_cut_14_t___393.879896-_-423.517042_t___
Ludwig_van_Beethoven/Symphony_no_1_in_C_major_Op_21_I_Adagio_molto_allegro_con_brio/Symphony_no_1_in_C_Op_21_I_Adagio_molto_Allegro_con_brio_1_-_cut_6_t___154.380271-_-183.660625_t___
Johannes_Brahms/Symphony_No_1_in_C_minor_Op_68_II_Andante_sostenuto/Symphony_No_1_in_C_Minor_Op_68_II_Andante_sostenuto_from_m4a_-_cut_8_t___216.023229-_-245.094625_t___
Ludwig_van_Beethoven/Sinfona_n_7_de_Beethoven_Op_92_4_Allegro_con_brio/Beethoven_Symphony_No_7_in_A_major_op_92_IV_Allegro_con_brio_-_cut_13_t___390.776417-_--1_t___
Wolfgang_Amadeus_Mozart/Fantasia_in_D_minor_K_397/Fantasia_in_Dm_K_397_2_-_cut_1_t___0.0-_-31.21_t___
