Frédéric_Chopin/Mazurkas_Op_17_N_1/Mazurka_in_B_flat_major__Op__17_no__1_-_cut_3_t___32.136271-_-124.705_t___
Ludwig_van_Beethoven/Symphony_no_1_in_C_major_Op_21_II_Andante_cantabile_con_moto/Symphony_no_1_in_C_Op_21_II_Andante_cantibile_con_moto_1_-_cut_15_t___418.262104-_--1_t___
Johannes_Brahms/Symphony_No_3_in_F_Major_Op_90_IV_Allegro/Brahms_Symphony_No_3_in_F_major_Op_90_IV_Allegro_from_wav_-_cut_15_t___419.961562-_-446.58325_t___
Frédéric_Chopin/Mazurkas_Op_56_N_3/Mazurka_in_C_minor__Op__56_no__3_-_cut_7_t___180.052833-_-209.76275_t___
Frédéric_Chopin/Bolero_Op_19/Bolero__Op__19_from_m4a_-_cut_10_t___272.587833-_-295.122771_t___
Frédéric_Chopin/Mazurkas_Op_17_N_4/Mazurka_in_A_minor__Op__17_no__4_EDIT_from_wav_-_cut_5_t___123.581271-_-149.39025_t___
Francisco_Tarrega/07_La_cartagenera/07_La_cartagenera_from_m4a_-_cut_4_t___88.461146-_-120.839149_t___
Ludwig_van_Beethoven/Beethoven_9th_Symphony_Op_125_I_Allegro_Ma_Non_Troppo_un_Poco_Maestoso/IMSLP484062_PMLP01607_beethoven_9_01_concertgebouw_klemperer_1956_16048_-_cut_3_t___55.240292-_-92.287729_t___
Frédéric_Chopin/Nocturnes_Op_32_N_2/Nocturnes__Op__32___No__2__Nocturne_in_A♭_major_from_m4a_-_cut_5_t___123.132375-_-150.636437_t___
Frédéric_Chopin/Piano_Sonata_no_2_in_Bflat_minor_Funeral_March_op_35_MOV_3/Sonata_no_2_in_B_flat_minor_Funeral_march_III_Marche_Funebre_Lento_-_cut_5_t___117.341292-_-154.307458_t___
Frédéric_Chopin/Piano_Sonata_no_2_in_Bflat_minor_Funeral_March_op_35_MOV_3/Sonata_no_2_in_B_flat_minor_Funeral_march_III_Marche_Funebre_Lento_OTRA_-_cut_9_t___244.539292-_-274.391917_t___
Johannes_Brahms/Symphony_No_3_in_F_Major_Op_90_III_Poco_allegretto/Brahms_Symphony_No_3_in_F_major_Op_90_III_Poco_allegreto_from_wav_-_cut_4_t___95.538833-_-121.97475_t___
Frédéric_Chopin/Piano_Sonata_no_2_in_Bflat_minor_Funeral_March_op_35_MOV_2/Sonata_no_2_in_B_flat_minor_Funeral_march_II_Scherzo_1_-_cut_2_t___32.289104-_-56.152_t___
Wolfgang_Amadeus_Mozart/Fantasia_in_D_minor_K_397/Fantasia_in_Dm_K_397_-_cut_3_t___60.373458-_-90.233458_t___
Wolfgang_Amadeus_Mozart/Piano_Sonata_no_7_K_309_1_Allegro/01_Piano_Sonata_no_7_in_C_RECORTADO_-_cut_6_t___152.23525-_-178.69525_t___
Frédéric_Chopin/Waltzes_Op_70_2/Waltz_in_F_minor_Op_70_no_2_1_-_cut_5_t___126.00375-_-154.7295_t___
Frédéric_Chopin/Piano_Sonata_no_2_in_Bflat_minor_Funeral_March_op_35_MOV_2/Sonata_no_2_in_B_flat_minor_Funeral_march_II_Scherzo_-_cut_5_t___123.42475-_-153.529417_t___
Pyotr_Ilyich_Tchaikovsky/Symphony_no_6_in_B_minor_Pathtique_Op_74_I_Adagio_Allegro_non_troppo_Andante/Symphony_No_6_In_B_Minor_Op_74_Pathetique_I_Adagio_Allegro_Non_Troppo_from_m4a_-_cut_18_t___661.110929-_-693.232906_t___
Wolfgang_Amadeus_Mozart/Fantasia_in_D_minor_K_397/Fantasia_in_Dm_K_397_2_-_cut_6_t___152.541146-_-180.621146_t___
Johannes_Brahms/Symphony_No_1_in_C_minor_Op_68_IV_Adagio_Piu_andante_Allegro_non_troppo_ma_con_brio/SYMPHO_1_from_m4a_-_cut_18_t___541.560771-_-568.194062_t___
Frédéric_Chopin/Waltzes_Op_70_1/Waltz_in_G_flat_major_Op_70_no_1_1_-_cut_1_t___0.0-_-33.088458_t___
Frédéric_Chopin/Waltz_in_Aflat_major_Op_42/Waltz_in_A_flat_major_Op_42_EDIT_from_wav_-_cut_5_t___122.282333-_-151.051896_t___
Frédéric_Chopin/Mazurkas_Op_6_N_2/Mazurka_in_C_sharp_minor__Op__6_no__2_-_cut_5_t___123.222042-_--1_t___
Frédéric_Chopin/Mazurkas_Op_56_N_1/Mazurka_in_B_major__Op__56_no__1_from_m4a_-_cut_4_t___88.657812-_-123.905479_t___
Francisco_Tarrega/05_Mara/05_Mar_a_from_m4a_-_cut_1_t___0.0-_-31.174674_t___
Frédéric_Chopin/Polonaise_No_2_in_C_Minor_Op_40/Polonaise_in_C_minor_Op_40_no_2_-_cut_9_t___237.480792-_-266.737937_t___
Frédéric_Chopin/Nocturne_in_Csharp_minor_Lento_con_gran_espressione_B_49_Op_posth/Nocturne_in_C_sharp_minor__Lento_con_gran_espressione___B__49__Op__posth____2__from_m4a_-_cut_3_t___58.135625-_-96.007354_t___
Ludwig_van_Beethoven/Beethoven_Symphony_no_1_in_C_major_Op_21_IV_Adagio_Allegro_molto_e_vivace/Symphony_no_1_in_C_Op_21_IV_Adagio_Allegro_molto_e_vivace_-_cut_1_t___0.0-_-28.359187_t___
Johannes_Brahms/Symphony_No_3_in_F_Major_Op_90_II_Andante/Brams_Symphony_No_3_in_F_Op_90_II_Andante_from_wav_-_cut_5_t___118.491458-_-147.629771_t___
Frédéric_Chopin/Preludes_Op_28_8/Preludes_Op_28_No_8_Desperation_from_m4a_-_cut_2_t___27.208833-_-57.436875_t___
Johannes_Brahms/Symphony_no_2_in_D_major_Op_73_II_Adagio_non_toppo/Symphony_No_2_in_D_Major_Op_73_II_Adagio_non_toppo_from_m4a_-_cut_3_t___63.378875-_-93.262937_t___
Clara_Schumann/Schumann_Clara_6_Lieder_Op13_No1_Ich_stand_in_dunklen_Trumen/05_6_Lieder_Op_13_No_1_Ich_stand_in_dunkeln_Traumen_second_version_from_wav_-_cut_5_t___120.286005-_--1_t___
Frédéric_Chopin/Mazurkas_Op_17_N_2/Mazurka_in_E_minor__Op__17__no__2_-_cut_3_t___62.756792-_-92.977292_t___
Johannes_Brahms/Symphony_No_3_in_F_Major_Op_90_I_Allegro_con_brio/Brams_Symphony_No_3_in_F_Op_90_I_Allegro_con_brio_from_wav_-_cut_16_t___448.586937-_-477.7825_t___
Johannes_Brahms/Symphony_No_3_in_F_Major_Op_90_I_Allegro_con_brio/Brahms_Symphony_No_3_in_F_major_Op_90_I_Allegro_con_brio_from_wav_-_cut_20_t___545.724458-_--1_t___
Frédéric_Chopin/Piano_Sonata_no_2_in_Bflat_minor_Funeral_March_op_35_MOV_4/Sonata_no_2_in_B_flat_minor_Funeral_march_IV_Finale_Presto_1_-_cut_3_t___66.966687-_-85.212792_t___
Frédéric_Chopin/Nocturnes_Op_62_N_2/Nocturne_in_E_major__Op__62_no__2_-_cut_8_t___210.651646-_-240.479625_t___
Ludwig_van_Beethoven/Beethoven_Symphony_no_1_in_C_major_Op_21_II_Andante_cantabile_con_moto/Symphony_no_1_in_C_Op_21_II_Andante_cantibile_con_moto_-_cut_11_t___300.225312-_-332.454604_t___
Camille_Saint_Saens/Samson_and_Delilah_Op_47_Danse_Baccanale/Samson_and_Delilah_Op_47_Danse_Baccanale_-_cut_5_t___122.388422-_-149.744636_t___
Frédéric_Chopin/Scherzo_no_2_in_Bflat_minor_Op_31/Scherzo_no_2_in_B_flat_minor_Op_31_from_m4a_-_cut_20_t___544.546833-_--1_t___
Johannes_Brahms/Symphony_no_2_in_D_major_Op_73_IV_Allegro_Con_Spirito/Symphony_No_2_in_D_Major_Op_73_IV_Allegro_Con_Spirito_from_m4a_-_cut_4_t___99.114542-_-122.99625_t___
Johannes_Brahms/Symphony_no_2_in_D_major_Op_73_I_Allegro_non_troppo/Symphony_No_2_in_D_Major_Op_73_I_Allegro_non_troppo_from_m4a_-_cut_30_t___874.527958-_-896.850792_t___
Frédéric_Chopin/Mazurkas_Op_68_N_4/Mazurka_in_F_minor__Op__68_no__4_-_cut_3_t___61.894437-_-95.869375_t___
Ludwig_van_Beethoven/Sinfona_n_7_de_Beethoven_Op_92_4_Allegro_con_brio/Beethoven_Symphony_No_7_in_A_major_op_92_IV_Allegro_con_brio_-_cut_6_t___153.08825-_-186.350833_t___
Antonin_Dvorak/Dvok_Serenade_for_Wind_Instruments_Op_44_II_Minuetto/Dvo_k_Serenade_for_Wind_in_D_minor_Op_44_2_Minuetto_Tempo_di_minuetto_-_cut_6_t___150.425134-_-181.017203_t___
Pyotr_Ilyich_Tchaikovsky/Romeo_and_Juliet_OvertureFantasia/Romeo_and_Juliet_Overture_Fantasia_-_cut_30_t___1110.322208-_--1_t___
Ludwig_van_Beethoven/Sinfona_n_7_de_Beethoven_Op_92_1_Poco_sostenuto_vivace/L_V_Beethoven_Sinfon_a_No_7_en_La_Mayor_Op_92_Mov_1_Poco_sostenuto_Vivace_-_cut_22_t___631.370479-_-663.255333_t___
Joaquin_Montanes_Castellano/Agarrate_Saxo/Ag_rrate_Saxo_Joaqu_n_Monta_s_Castellano_Pasodoble_128_kbps_-_cut_2_t___28.353792-_-57.010667_t___
Frédéric_Chopin/Nocturnes_Op_48_N_1/Nocturne_in_C_minor__Op__48_no__1_-_cut_8_t___210.661604-_-213.565104_t___
Johannes_Brahms/Symphony_No_1_in_C_minor_Op_68_IV_Adagio_Piu_andante_Allegro_non_troppo_ma_con_brio/SYMPHO_1_from_m4a_-_cut_6_t___181.233458-_-205.173229_t___
Frédéric_Chopin/Polonaise_in_Fsharp_minor_Op_44/Polonaise_in_F_sharp_minor_Op_44_EDIT_from_wav_-_cut_11_t___295.632604-_-326.030854_t___
Pyotr_Ilyich_Tchaikovsky/Romeo_and_Juliet_OvertureFantasia/Romeo_and_Juliet_Overture_Fantasia_-_cut_1_t___0.0-_-30.759981_t___
Frédéric_Chopin/Polonaise_No_2_in_C_Minor_Op_40/Polonaise_in_C_minor_Op_40_no_2_-_cut_17_t___484.188062-_--1_t___
Frédéric_Chopin/Piano_Sonata_no_2_in_Bflat_minor_Funeral_March_op_35_MOV_2/Sonata_no_2_in_B_flat_minor_Funeral_march_II_Scherzo_1_-_cut_15_t___427.053833-_--1_t___
Frédéric_Chopin/N_2___Etudes_Op_25/Etude_Op__25_no__2_in_F_minor____The_Bees___1__from_wav_-_cut_2_t___28.06875-_-68.046687_t___
Frédéric_Chopin/Piano_Sonata_no_3_in_B_minor_Op_58_Mov_4/Sonata_No_3_in_B_minor_Op_58_IV_Presto_EDIT_from_wav_-_cut_8_t___205.498458-_-239.285875_t___
Felix_Mendelssohn/Mendelssohn_Felix_6_Duets_Op63_No5_Volkslied/05_6_Zweistimmige_Lieder_Op_63_No_5_Volkslied_from_wav_-_cut_3_t___60.88501-_-91.975141_t___
Wolfgang_Amadeus_Mozart/Minuet_in_F_major_K_2/Mozart_Minuet_in_F_Major_K_2_y2save_net_cortado_-_cut_1_t___0.0-_-30.9985_t___
Ludwig_van_Beethoven/March_for_Military_Band_WoO_24/Beethoven_March_for_Military_Band_WoO_24_-_cut_11_t___269.858271-_--1_t___
Ludwig_van_Beethoven/Beethoven_9th_Symphony_Op_125_IV_Presto_Allegro_Assai/Beethoven_Symphony_No_9_in_D_minor_Op_125_IV_Final_from_wav_-_cut_46_t___1316.163417-_-1374.333875_t___
Ludwig_van_Beethoven/Beethoven_9th_Symphony_Op_125_III_Adagio_Molto_e_Cantabile/Beethoven_Symphony_No_9_in_D_minor_Op_125_III_Adagio_Molto_e_Cantabile_from_wav_-_cut_3_t___68.026792-_-95.816062_t___
Johann_Sebastian_Bach/Fugue_in_G_minor_Little_BWV_578/Fugue_in_G_Minor_The_Little_-_cut_2_t___30.854229-_-56.280083_t___
Antonin_Dvorak/Dvok_Symphony_no_8_Op_88_I_Allegro_con_brio/Symphony_no_8_Op_88_I_Allegro_con_brio_-_cut_15_t___419.017078-_-451.514348_t___
Ludwig_van_Beethoven/Beethoven_Symphony_no_1_in_C_major_Op_21_I_Adagio_molto_allegro_con_brio/Symphony_no_1_in_C_Op_21_I_Adagio_molto_Allegro_con_brio_-_cut_16_t___453.717021-_-474.9005_t___
Ludwig_van_Beethoven/Beethoven_9th_Symphony_Op_125_I_Allegro_Ma_Non_Troppo_un_Poco_Maestoso/IMSLP484062_PMLP01607_beethoven_9_01_concertgebouw_klemperer_1956_16048_-_cut_22_t___634.833625-_-661.73_t___
Frédéric_Chopin/Nocturnes_Op_62_N_2/Nocturne_in_E_major__Op__62_no__2_-_cut_11_t___305.646417-_-329.168229_t___
Frédéric_Chopin/Polonaise_in_Bflat_major_B_3/Polonaise_in_Bb_B_3_from_m4a_-_cut_1_t___0.0-_-27.527271_t___
Frédéric_Chopin/Ballade_no_4_Op_52/Ballade_no__2__Frank_Levy_COMPRIMIDO_from_m4a_-_cut_5_t___119.567646-_-151.392021_t___
Frédéric_Chopin/Nocturnes_Op_15_N_3/Nocturne_in_G_minor__Op__15_no__3_from_m4a_-_cut_3_t___55.820771-_-86.238917_t___
Johannes_Brahms/Symphony_no_2_in_D_major_Op_73_I_Allegro_non_troppo/Symphony_No_2_in_D_Major_Op_73_I_Allegro_non_troppo_from_m4a_-_cut_34_t___992.801687-_--1_t___
Francisco_Tarrega/10_El_columpio/10_El_columpio_from_m4a_-_cut_3_t___61.455633-_-90.351479_t___
Frédéric_Chopin/Nocturnes_Op_48_N_1/Nocturne_in_C_minor__Op__48_no__1_from_m4a_-_cut_2_t___37.511833-_-68.998104_t___
Johannes_Brahms/Symphony_No_4_in_E_Minor_Op_98_IV_Allegro_energico_e_passionato/Symphony_No_4_in_E_Minor_Op_98_IV_Allegro_Energico_e_Passionato_-_cut_7_t___182.694583-_-206.901396_t___
Wolfgang_Amadeus_Mozart/Piano_Sonata_no_16_Facile_K_545_I_Allegro/01_Piano_Sonata_no_16_Facile_K_545_RECORTADO_-_cut_1_t___0.0-_-30.32_t___
Frédéric_Chopin/Nocturnes_Op_62_N_2/Nocturne_in_E_major__Op__62_no__2_from_m4a_-_cut_1_t___0.0-_-31.219229_t___
Frédéric_Chopin/Preludes_Op_28_6/Preludes_Op_28_No_6_Tolling_bells_1_-_cut_2_t___32.088771-_-58.859583_t___
Frédéric_Chopin/Polonaise_No_1_in_A_Major_Military_Op_40/Polonaise_in_A_major_Military_Op_40_no_1_from_m4a_-_cut_1_t___0.0-_-32.774958_t___
Ludwig_van_Beethoven/Beethoven_9th_Symphony_Op_125_I_Allegro_Ma_Non_Troppo_un_Poco_Maestoso/IMSLP484062_PMLP01607_beethoven_9_01_concertgebouw_klemperer_1956_16048_-_cut_31_t___900.170292-_-936.106292_t___
Ludwig_van_Beethoven/Beethoven_Symphony_no_1_in_C_major_Op_21_I_Adagio_molto_allegro_con_brio/Symphony_no_1_in_C_Op_21_I_Adagio_molto_Allegro_con_brio_-_cut_13_t___357.104708-_-387.145417_t___
Frédéric_Chopin/Waltzes_Op_34_2/Waltz_in_A_minor_Op_34_no_2_-_cut_3_t___65.967896-_-92.915292_t___
Johannes_Brahms/Symphony_No_3_in_F_Major_Op_90_II_Andante/Brams_Symphony_No_3_in_F_Op_90_II_Andante_from_wav_-_cut_13_t___365.712312-_-393.529812_t___
Ludwig_van_Beethoven/Beethoven_Symphony_no_1_in_C_major_Op_21_I_Adagio_molto_allegro_con_brio/Symphony_no_1_in_C_Op_21_I_Adagio_molto_Allegro_con_brio_-_cut_1_t___0.0-_-25.758687_t___
Frédéric_Chopin/Piano_Sonata_no_2_in_Bflat_minor_Funeral_March_op_35_MOV_1/Sonata_no__2_in_B_flat_minor__Funeral_march____I__Grave__Doppio_movimento_-_cut_10_t___243.958854-_-267.968292_t___
Frédéric_Chopin/Mazurkas_Op_7_N_3/Mazurka_in_F_minor__Op__7_no__3_-_cut_3_t___60.449604-_-91.699854_t___
Francisco_Tarrega/47_Sueo_Trmolo/47_Sue_o_Tr_molo_from_m4a_-_cut_6_t___151.941107-_-180.583403_t___
Frédéric_Chopin/Ballade_no_4_Op_52/Ballade_no__2__Frank_Levy_COMPRIMIDO_from_m4a_-_cut_20_t___571.02275-_-602.591687_t___
Johannes_Brahms/Symphony_No_1_in_C_minor_Op_68_III_Un_poco_allegretto_e_grazioso/Symphony_No_1_in_C_Minor_Op_68_III_Un_poco_allegretto_e_grazioso_from_m4a_-_cut_2_t___35.878833-_-56.289167_t___
Frédéric_Chopin/Nocturnes_Op_15_N_3/Nocturne_in_G_minor__Op__15_no__3_from_m4a_-_cut_2_t___28.734708-_-55.820771_t___
Frédéric_Chopin/Mazurkas_Op_56_N_3/Mazurka_in_C_minor__Op__56_no__3_from_m4a_-_cut_8_t___266.637771-_-301.213542_t___
Johannes_Brahms/Symphony_No_1_in_C_minor_Op_68_IV_Adagio_Piu_andante_Allegro_non_troppo_ma_con_brio/SYMPHO_1_from_m4a_-_cut_11_t___330.851271-_-362.658521_t___
Ludwig_van_Beethoven/Symphony_no_2_in_D_Major_Op_36_II_Larghetto/Symphony_no_2_in_D_Major_Op_36_II_Larghetto_-_cut_15_t___421.489146-_-453.532687_t___
Antonin_Dvorak/Dvok_Serenade_for_Wind_Instruments_Op_44_I_Moderato_quasi_Marcia/Dvo_k_Serenade_for_Wind_in_D_minor_Op_44_1_Moderato_quasi_marcia_-_cut_5_t___121.922055-_-149.097236_t___
Ludwig_van_Beethoven/Symphony_no_1_in_C_major_Op_21_II_Andante_cantabile_con_moto/Symphony_No_1_in_C_major_Op_21_II_Andante_cantabile_con_moto_1_from_wav_-_cut_1_t___0.0-_-29.453062_t___
Frédéric_Chopin/Mazurkas_Op_63_N_3/Mazurka_in_C_sharp_minor__Op__63_no__3__-_cut_2_t___33.564437-_-58.340125_t___
Wolfgang_Amadeus_Mozart/Requiem_Mozart_VII_Agnus_Dei_MozartSssmayr/IMSLP581269_PMLP02751_Mozart_Requiem_13_Karajan_1962_from_wav_-_cut_3_t___60.369999-_-91.285174_t___
Johannes_Brahms/Symphony_No_1_in_C_minor_Op_68_I_Un_poco_sostenuto_Allegro/Symphony_No_1_in_C_Minor_Op_68_I_Un_poco_sostenuto_Allegro_from_m4a_-_cut_31_t___843.887187-_-863.756667_t___
Johannes_Brahms/Symphony_No_4_in_E_Minor_Op_98_III_Allegro_giocoso/Symphony_No_4_in_E_Minor_Op_98_III_Allegro_Giocoso_from_m4a_-_cut_3_t___64.577312-_-90.891687_t___
Felix_Mendelssohn/Mendelssohn_Felix_6_Gesnge_Op86_No6_Altdeutsches_Frhlingslied/onlymp3_to_Mendelssohn_6_Ges_nge_Op_86_No_6_Altdeutsches_Fr_hlingslied_MWV_K_127_ESyfLUca1zQ_192k_1657248074035_-_cut_1_t___0.0-_-31.875224_t___
Ludwig_van_Beethoven/Sinfona_n_7_de_Beethoven_Op_92_4_Allegro_con_brio/Beethoven_Symphony_No_7_in_A_major_op_92_IV_Allegro_con_brio_-_cut_11_t___335.395958-_-356.631479_t___
Ludwig_van_Beethoven/Beethoven_Symphony_no_1_in_C_major_Op_21_III_Minuetto_and_trio/Symphony_No_1_in_C_major_Op_21_III_Minuetto_and_trio_from_wav_-_cut_2_t___35.8515-_-62.600875_t___
Frédéric_Chopin/Nocturnes_Op_48_N_1/Nocturne_in_C_minor__Op__48_no__1_-_cut_6_t___153.221271-_-182.420375_t___
Ludwig_van_Beethoven/March_for_Military_Band_WoO_24/Beethoven_March_for_Military_Band_WoO_24_-_cut_1_t___0.0-_-30.650333_t___
Antonin_Dvorak/Dvok_Piano_Concerto_Op_33_II_Andante_sostenuto/Dvo_k_Piano_Concerto_in_G_Minor_Op_33_2_Andante_sostenuto_-_cut_17_t___479.417102-_--1_t___
Ludwig_van_Beethoven/Symphony_no_2_in_D_Major_Op_36_IV_Allegro_molto/Symphony_no_2_in_D_Major_Op_36_IV_Allegro_molto_-_cut_3_t___61.082667-_-91.1525_t___
Clara_Schumann/Schumann_Clara_6_Lieder_Op23_No4_Auf_einem_grnen_Hgel/14_6_Lieder_aus_Jucunde_Op_23_No_4_Auf_einem_grunen_Hugel_from_wav_-_cut_1_t___0.0-_-28.048014_t___
Johannes_Brahms/Symphony_No_1_in_C_minor_Op_68_II_Andante_sostenuto/Symphony_No_1_in_C_Minor_Op_68_II_Andante_sostenuto_from_m4a_-_cut_17_t___478.064479-_--1_t___
Ludwig_van_Beethoven/Symphony_no_2_in_D_Major_Op_36_II_Larghetto/Symphony_no_2_in_D_Major_Op_36_II_Larghetto_-_cut_11_t___295.044375-_-333.590917_t___
Frédéric_Chopin/Piano_Sonata_no_2_in_Bflat_minor_Funeral_March_op_35_MOV_1/Sonata_no__2_in_B_flat_minor__Funeral_march____I__Grave__Doppio_movimento__1__-_cut_6_t___150.258542-_-181.776792_t___
Ludwig_van_Beethoven/Coriolan_Overture_Op_62/Coriolan_Overture_Op_62_from_m4a_-_cut_12_t___328.904854-_-358.568354_t___
Frédéric_Chopin/Scherzo_no_2_in_Bflat_minor_Op_31/Scherzo_no_2_in_B_flat_minor_Op_31_from_m4a_-_cut_19_t___543.792187-_-544.546833_t___
Wolfgang_Amadeus_Mozart/Piano_Sonata_no_10_in_C_major_K_330_I_Allegro_moderato/Piano_Sonata_no_10_in_C_major_K_330_I_Allegro_moderato_-_cut_1_t___0.0-_-31.793047_t___
Frédéric_Chopin/Piano_Sonata_no_2_in_Bflat_minor_Funeral_March_op_35_MOV_2/Sonata_no_2_in_B_flat_minor_Funeral_march_II_Scherzo_1_-_cut_12_t___328.909917-_-362.339812_t___
Ludwig_van_Beethoven/Beethoven_9th_Symphony_Op_125_II_Scherzo_Molto_Vivace_Presto/Beethoven_Symphony_No_9_II_Scherzo_Molto_Vivace_Presto_from_wav_-_cut_21_t___538.630062-_-572.775_t___
Wolfgang_Amadeus_Mozart/Fantasia_in_D_minor_K_397/Fantasia_in_Dm_K_397_1_-_cut_2_t___34.88-_-60.214958_t___
Frédéric_Chopin/Mazurkas_Op_24_N_2/Mazurka_in_C_major__Op__24_no__2__1__EDIT_from_wav_-_cut_5_t___121.169167-_--1_t___
Johannes_Brahms/Symphony_no_2_in_D_major_Op_73_I_Allegro_non_troppo/Symphony_No_2_in_D_Major_Op_73_I_Allegro_non_troppo_from_m4a_-_cut_28_t___811.149083-_-835.948_t___
Wolfgang_Amadeus_Mozart/Piano_Sonata_no_14_K_457_I_Allegro/Piano_Sonata_no_14_K_457_I_Allegro_Second_repeat_omitted_-_cut_10_t___271.045582-_-301.055582_t___
Johannes_Brahms/Symphony_No_3_in_F_Major_Op_90_I_Allegro_con_brio/Brams_Symphony_No_3_in_F_Op_90_I_Allegro_con_brio_from_wav_-_cut_12_t___329.937042-_-357.355729_t___
Francisco_Tarrega/20_Danza_odalisca/20_Danza_odalisca_from_m4a_-_cut_2_t___30.999555-_-60.167505_t___
Robert_Schumann/101_12_Gedichte_Op_35_No_11_Wer_machte_dich_so_krank/101_12_Gedichte_Op_35_No_11_Wer_machte_dich_so_krank_from_wav_-_cut_4_t___91.527146-_--1_t___
Johannes_Brahms/Symphony_No_1_in_C_minor_Op_68_IV_Adagio_Piu_andante_Allegro_non_troppo_ma_con_brio/SYMPHO_1_from_m4a_-_cut_25_t___780.352042-_-813.266333_t___
Pyotr_Ilyich_Tchaikovsky/Symphony_no_6_in_B_minor_Pathtique_Op_74_III_Allegro_molto_vivace/Symphony_No_6_in_B_minor_Op_74_Pathetique_III_Allegro_molto_vivace_from_m4a_-_cut_1_t___0.0-_-30.94_t___
Frédéric_Chopin/Mazurkas_Op_7_N_2/Mazurka_in_A_minor__Op__7_no__2_EDIT_from_wav_-_cut_4_t___89.897896-_-120.571458_t___
Pyotr_Ilyich_Tchaikovsky/Symphony_no_6_in_B_minor_Pathtique_Op_74_I_Adagio_Allegro_non_troppo_Andante/Symphony_No_6_In_B_Minor_Op_74_Pathetique_I_Adagio_Allegro_Non_Troppo_from_m4a_-_cut_28_t___991.117959-_-1022.697959_t___
Frédéric_Chopin/Nocturne_in_Csharp_minor_Lento_con_gran_espressione_B_49_Op_posth/Nocturne_in_C_sharp_minor__Lento_con_gran_espressione___B__49__Op__posth___-_cut_8_t___216.349875-_--1_t___
Johannes_Brahms/Symphony_no_2_in_D_major_Op_73_I_Allegro_non_troppo/Symphony_No_2_in_D_Major_Op_73_I_Allegro_non_troppo_from_m4a_-_cut_26_t___748.440583-_-782.994896_t___
Frédéric_Chopin/Preludes_Op_28_8/Preludes_Op_28_No_8_Desperation_from_m4a_-_cut_3_t___57.436875-_-85.691292_t___
Frédéric_Chopin/Nocturnes_Op_32_N_2/Nocturnes__Op__32___No__2__Nocturne_in_A♭_major_from_m4a_-_cut_7_t___184.379646-_-210.978062_t___
Ludwig_van_Beethoven/Mazurkas_Op_63_N_2/Mazurkaa_in_F_minor__Op__63_no__2_-_cut_3_t___63.087062-_-85.204062_t___
Francisco_Tarrega/50_Estudio_sobre_un_tema_de_la_traviata_de_Verdi/50_Estudio_sobre_un_tema_de_la_traviata_de_Verdi_from_m4a_-_cut_2_t___30.094192-_--1_t___
Antonin_Dvorak/Dvok_Symphony_no_8_Op_88_I_Allegro_con_brio/Symphony_no_8_Op_88_I_Allegro_con_brio_-_cut_6_t___151.035004-_-179.619653_t___
Frédéric_Chopin/Waltzes_Op_69_1/Waltz_in_A_flat_major_Farewell_Op_69_no_1_-_cut_1_t___0.0-_-28.465667_t___
Wolfgang_Amadeus_Mozart/Piano_Sonata_no_14_K_457_II_Adagio/Piano_Sonata_no_14_K_457_II_Adagio_-_cut_15_t___480.514603-_--1_t___
Felix_Mendelssohn/Mendelssohn_Felix_6_Duets_Op63_No3_Gruss/03_6_Zweistimmige_Lieder_Op_63_No_3_Gruss_from_wav_-_cut_4_t___91.153625-_-120.620566_t___
Frédéric_Chopin/Piano_Sonata_no_2_in_Bflat_minor_Funeral_March_op_35_MOV_1/Sonata_no__2_in_B_flat_minor__Funeral_march____I__Grave__Doppio_movimento_-_cut_8_t___181.776792-_-210.68075_t___
Frédéric_Chopin/Mazurkas_Op_6_N_2/Mazurka_in_C_sharp_minor__Op__6_no__2_-_cut_1_t___0.0-_-30.999333_t___
Wolfgang_Amadeus_Mozart/Piano_Sonata_no_17_in_BFlat_Major_K_570_2_Adagio/02_1_Allegro_2_Adagio_3_Allegretto_RECORTADO_-_cut_3_t___60.01-_-91.35_t___
Frédéric_Chopin/Mazurkas_Op_7_N_2/Mazurka_in_A_minor__Op__7_no__2_EDIT_from_wav_-_cut_6_t___152.717-_--1_t___
Johannes_Brahms/Symphony_No_3_in_F_Major_Op_90_II_Andante/Symphony_No_3_in_F_Major_Op_90_II_Andante_from_m4a_-_cut_5_t___124.482208-_-153.620562_t___
Clara_Schumann/Schumann_Clara_6_Lieder_Op23_No3_Geheimes_Flstern_hier_und_dort/13_6_Lieder_aus_Jucunde_Op_23_No_3_Geheimes_Flustern_from_wav_-_cut_2_t___29.842608-_-58.848771_t___
Francisco_Tarrega/09_Prelude_in_B_Minor_on_a_theme_by_Mendelssohn/09_Prelude_in_B_Minor_on_a_theme_by_Mendelssohn_from_m4a_-_cut_2_t___30.613567-_--1_t___
Ludwig_van_Beethoven/Beethoven_Symphony_no_1_in_C_major_Op_21_II_Andante_cantabile_con_moto/Symphony_No_1_in_C_major_Op_21_II_Andante_cantabile_con_moto_from_wav_-_cut_13_t___350.684083-_--1_t___
Johannes_Brahms/Symphony_no_2_in_D_major_Op_73_II_Adagio_non_toppo/Symphony_No_2_in_D_Major_Op_73_II_Adagio_non_toppo_from_m4a_-_cut_15_t___445.524083-_-480.922896_t___
Wolfgang_Amadeus_Mozart/Rondo_in_A_minor_K_511/Rondo_No_3_in_A_Minor_K_511_-_cut_1_t___0.0-_-30.73_t___
Clara_Schumann/Schumann_Clara_Lieder_Op12_No4_Liebst_du_um_Schnheit/02_3_Lieder_Op_12_No_2_Liebst_du_um_Schonheit_from_wav_-_cut_2_t___31.449222-_-61.15683_t___
Frédéric_Chopin/Waltzes_Op_70_1/Waltz_in_G_flat_major_Op_70_no_1_1_-_cut_4_t___85.228812-_-118.015396_t___
Ludwig_van_Beethoven/Sinfona_n_7_de_Beethoven_Op_92_2_Allegretto/L_V_Beethoven_Sinfon_a_No_7_en_La_Mayor_Op_92_Mov_2_Allegretto_-_cut_13_t___364.336521-_-395.544146_t___
Frédéric_Chopin/Nocturne_in_Csharp_minor_Lento_con_gran_espressione_B_49_Op_posth/Nocturne_in_C_sharp_minor__Lento_con_gran_espressione___B__49__Op__posth___from_m4a_-_cut_6_t___153.021312-_-185.262229_t___
Pyotr_Ilyich_Tchaikovsky/Symphony_no_6_in_B_minor_Pathtique_Op_74_IV_Finale_Adagio_lamentoso_Andante/Symphony_No_6_in_B_minor_Op_74_Pathetique_IV_Finale_Adagio_lamentoso_from_m4a_-_cut_8_t___213.186884-_-243.066884_t___
Frédéric_Chopin/Polonaise_in_Fsharp_minor_Op_44/Polonaise_in_F_sharp_minor_Op_44_EDIT_from_wav_-_cut_1_t___0.0-_-34.202979_t___
Frédéric_Chopin/Nocturnes_Op_62_N_1/Nocturne_in_B_major__Op__62_no__1_EDIT_from_wav_-_cut_7_t___181.404667-_-215.433521_t___
Ludwig_van_Beethoven/Beethoven_9th_Symphony_Op_125_III_Adagio_Molto_e_Cantabile/Beethoven_Symphony_No_9_in_D_minor_Op_125_III_Adagio_Molto_e_Cantabile_from_wav_-_cut_19_t___533.951-_-577.097958_t___
Robert_Schumann/74_Fnf_Lieder_Op_40_No_4_Der_Spielmann/74_F_nf_Lieder_Op_40_No_4_Der_Spielmann_from_wav_-_cut_2_t___30.85-_-60.65_t___
Victor_Ferrer/Mi_Amargura_Victor_Ferrer/Marcha_MI_AMARGURA_Victor_Ferrer_Castillo_MARCHA_DE_PROCESI_N_para_banda_de_m_sica_128_kbps_-_cut_6_t___151.273375-_-182.083375_t___
Felix_Mendelssohn/Mendelssohn_Felix_6_Duets_Op63_No1_Ich_wollt_meine_Lieb_ergsse_sich/01_6_Zweistimmige_Lieder_Op_63_No_1_Ich_wollt_meine_Lieb_from_wav_-_cut_1_t___0.0-_-32.261838_t___
Johann_Sebastian_Bach/Toccata_and_Fugue_in_D_minor_BWV_565/Toccata_and_Fugue_in_D_minor_BWV_565_Organ_-_cut_18_t___513.505854-_--1_t___
Jose_Perez_Ballester/Solemnidad/SOLEMNIDAD_Jos_P_rez_Ballester_-_cut_7_t___179.166375-_-210.799083_t___
Frédéric_Chopin/N_7___Etudes_Op_25/Etude_Op__25_no__7_in_C_sharp_minor___Cello___1__from_wav_-_cut_9_t___247.516812-_-268.484542_t___
Frédéric_Chopin/Waltz_in_E_minor_B_56/Waltz_in_E_minor_B_56_1_from_m4a_-_cut_2_t___25.251687-_-60.562562_t___
Frédéric_Chopin/Piano_Sonata_no_2_in_Bflat_minor_Funeral_March_op_35_MOV_2/Sonata_no_2_in_B_flat_minor_Funeral_march_II_Scherzo_-_cut_2_t___32.357021-_-65.223917_t___
Johannes_Brahms/Symphony_No_3_in_F_Major_Op_90_II_Andante/Symphony_No_3_in_F_Major_Op_90_II_Andante_from_m4a_-_cut_4_t___89.025333-_-124.482208_t___
Frédéric_Chopin/Mazurkas_Op_63_N_1/Mazurka_in_B_major__Op__63_no__1_-_cut_4_t___89.264896-_-125.813125_t___
Frédéric_Chopin/Piano_Sonata_no_2_in_Bflat_minor_Funeral_March_op_35_MOV_1/Sonata_no__2_in_B_flat_minor__Funeral_march____I__Grave__Doppio_movimento_-_cut_7_t___172.919229-_-181.776792_t___
Ludwig_van_Beethoven/Beethoven_9th_Symphony_Op_125_I_Allegro_Ma_Non_Troppo_un_Poco_Maestoso/IMSLP7_1_-_cut_3_t___57.039792-_-92.937833_t___
Ludwig_van_Beethoven/Beethoven_9th_Symphony_Op_125_I_Allegro_Ma_Non_Troppo_un_Poco_Maestoso/IMSLP7_1_-_cut_18_t___513.076687-_-542.124854_t___
Johannes_Brahms/Symphony_No_1_in_C_minor_Op_68_I_Un_poco_sostenuto_Allegro/Symphony_No_1_in_C_Minor_Op_68_I_Un_poco_sostenuto_Allegro_from_m4a_-_cut_10_t___228.908667-_-241.02325_t___
Frédéric_Chopin/Funeral_March_in_C_minor_Op_posth_72_no_2/Funeral_March_in_C_minor__Op__posth__72_no__2_from_m4a_-_cut_12_t___328.489646-_--1_t___
Antonin_Dvorak/Dvok_Serenade_for_Wind_Instruments_Op_44_I_Moderato_quasi_Marcia/Dvo_k_Serenade_for_Wind_in_D_minor_Op_44_1_Moderato_quasi_marcia_-_cut_1_t___0.0-_-29.372275_t___
Frédéric_Chopin/Preludes_Op_28_18/Preludes_Op_28_No_18_Suicide_-_cut_1_t___0.0-_-28.567354_t___
Frédéric_Chopin/N_7___Etudes_Op_10/Etude_Op__10__no__7_in_C_major____Toccata__-_cut_3_t___59.474896-_--1_t___
Frédéric_Chopin/Fugue_in_A_minor_B_144/Fugue_in_A_minor__B__144_from_m4a_-_cut_6_t___153.232854-_--1_t___
Johannes_Brahms/Symphony_No_1_in_C_minor_Op_68_I_Un_poco_sostenuto_Allegro/Symphony_No_1_in_C_Minor_Op_68_I_Un_poco_sostenuto_Allegro_from_m4a_-_cut_15_t___359.979812-_-391.776604_t___
Frédéric_Chopin/Piano_Sonata_no_2_in_Bflat_minor_Funeral_March_op_35_MOV_2/Sonata_no_2_in_B_flat_minor_Funeral_march_II_Scherzo_-_cut_4_t___90.789083-_-123.42475_t___
Frédéric_Chopin/Piano_Sonata_no_2_in_Bflat_minor_Funeral_March_op_35_MOV_3/Sonata_no_2_in_B_flat_minor_Funeral_march_III_Marche_Funebre_Lento_-_cut_1_t___0.0-_-32.762625_t___
Ludwig_van_Beethoven/Beethoven_9th_Symphony_Op_125_I_Allegro_Ma_Non_Troppo_un_Poco_Maestoso/IMSLP484062_PMLP01607_beethoven_9_01_concertgebouw_klemperer_1956_16048_-_cut_21_t___605.785458-_-634.833625_t___
Johannes_Brahms/Symphony_no_2_in_D_major_Op_73_I_Allegro_non_troppo/Symphony_No_2_in_D_Major_Op_73_I_Allegro_non_troppo_from_m4a_-_cut_22_t___636.830271-_-660.085062_t___
Francisco_Tarrega/04_Pavana/04_Pavana_from_m4a_-_cut_1_t___0.0-_-29.877917_t___
Frédéric_Chopin/Mazurkas_Op_6_N_2/Mazurka_in_C_sharp_minor__Op__6_no__2_EDIT_from_wav_-_cut_2_t___32.810375-_-58.00875_t___
Frédéric_Chopin/Mazurkas_Op_68_N_4/Mazurka_in_F_minor__Op__68_no__4_-_cut_1_t___0.0-_-31.602354_t___
Frédéric_Chopin/Mazurkas_Op_56_N_3/Mazurka_in_C_minor__Op__56_no__3_from_m4a_-_cut_10_t___332.397937-_-365.717187_t___
Ludwig_van_Beethoven/Beethoven_Symphony_no_1_in_C_major_Op_21_II_Andante_cantabile_con_moto/Symphony_No_1_in_C_major_Op_21_II_Andante_cantabile_con_moto_from_wav_-_cut_11_t___298.764271-_-327.266771_t___
Wolfgang_Amadeus_Mozart/Piano_Sonata_no_14_K_457_II_Adagio/Piano_Sonata_no_14_K_457_II_Adagio_-_cut_5_t___121.680698-_-154.870698_t___
Frédéric_Chopin/Grande_valse_brillante_in_E_flat_major_Op_18/Grande_valse_brillante_in_E_flat_major__Op__18_from_m4a_-_cut_10_t___272.019083-_-298.797729_t___
Frédéric_Chopin/Nocturnes_Op_37_N_2/Nocturne_Op__37_no__2_in_G_major_from_m4a_-_cut_10_t___272.810375-_-298.015646_t___
Camille_Saint_Saens/Samson_and_Delilah_Op_47_Danse_Baccanale/Samson_and_Delilah_Op_47_Danse_Baccanale_-_cut_15_t___421.39658-_--1_t___
Wolfgang_Amadeus_Mozart/Piano_Sonata_no_3_K_281_3_Rondo_Allegro/Rondeau_Allegro_-_cut_7_t___180.132321-_-211.407405_t___
Ludwig_van_Beethoven/Symphony_no_2_in_D_Major_Op_36_IV_Allegro_molto/Symphony_no_2_in_D_Major_Op_36_IV_Allegro_molto_from_wav_-_cut_4_t___91.1525-_-114.608792_t___
Ludwig_van_Beethoven/Beethoven_9th_Symphony_Op_125_I_Allegro_Ma_Non_Troppo_un_Poco_Maestoso/IMSLP7_1_-_cut_11_t___295.423083-_-323.240562_t___
Ludwig_van_Beethoven/Sinfona_n_7_de_Beethoven_Op_92_4_Allegro_con_brio/Beethoven_Symphony_No_7_in_A_major_op_92_IV_Allegro_con_brio_-_cut_12_t___356.631479-_-390.776417_t___
Ludwig_van_Beethoven/Beethoven_9th_Symphony_Op_125_III_Adagio_Molto_e_Cantabile/Beethoven_Symphony_No_9_in_D_minor_Op_125_III_Adagio_Molto_e_Cantabile_from_wav_-_cut_28_t___806.788937-_-844.498146_t___
Wolfgang_Amadeus_Mozart/Piano_Sonata_no_14_K_457_III_Molto_allegro/Piano_Sonata_no_14_K_457_III_Molto_allegro_-_cut_8_t___210.798516-_-242.478516_t___
Johannes_Brahms/Symphony_No_3_in_F_Major_Op_90_IV_Allegro/Brahms_Symphony_No_3_in_F_major_Op_90_IV_Allegro_from_wav_-_cut_11_t___303.676062-_-330.506708_t___
Ludwig_van_Beethoven/Symphony_no_1_in_C_major_Op_21_I_Adagio_molto_allegro_con_brio/Symphony_no_1_in_C_Op_21_I_Adagio_molto_Allegro_con_brio_1_-_cut_15_t___422.091458-_-453.717021_t___
Ludwig_van_Beethoven/Sinfona_n_7_de_Beethoven_Op_92_2_Allegretto/L_V_Beethoven_Sinfon_a_No_7_en_La_Mayor_Op_92_Mov_2_Allegretto_-_cut_6_t___155.64975-_-178.010583_t___
Johannes_Brahms/Symphony_no_2_in_D_major_Op_73_II_Adagio_non_toppo/Symphony_No_2_in_D_Major_Op_73_II_Adagio_non_toppo_from_m4a_-_cut_13_t___368.896146-_-409.248917_t___
Johannes_Brahms/Symphony_No_1_in_C_minor_Op_68_IV_Adagio_Piu_andante_Allegro_non_troppo_ma_con_brio/SYMPHO_1_from_m4a_-_cut_7_t___205.173229-_-241.117729_t___
Frédéric_Chopin/Mazurkas_Op_7_N_1/Mazurka_in_B_flat_major__Op__7_no__1_EDIT_from_wav_-_cut_4_t___91.908417-_-117.729021_t___
Ludwig_van_Beethoven/Sinfona_n_7_de_Beethoven_Op_92_3_Presto/Beethoven_Symphony_No_7_in_A_major_op_92_III_Presto_-_cut_10_t___238.973771-_-267.394979_t___
Johannes_Brahms/Symphony_no_2_in_D_major_Op_73_I_Allegro_non_troppo/Symphony_No_2_in_D_Major_Op_73_I_Allegro_non_troppo_from_m4a_-_cut_20_t___575.631729-_-604.029729_t___
Abel_Moreno/La_Madruga/La_Madruga_Marcha_de_Palio_Seville_Procession_-_cut_11_t___298.465181-_-332.296651_t___
Frédéric_Chopin/N_6___Etudes_Op_10/Etude_Op__10__no__6_in_E_flat_minor____Lament__from_m4a_-_cut_8_t___212.604208-_--1_t___
Francisco_Tarrega/02_Alborada/02_Alborada_from_m4a_-_cut_2_t___31.004176-_-60.019793_t___
Clara_Schumann/Schumann_Clara_Die_gute_nacht/04_Die_gute_Nacht_die_ich_dir_sage_Die_gute_Nacht_from_wav_-_cut_5_t___117.500547-_--1_t___
Antonin_Dvorak/Dvok_Serenade_for_Wind_Instruments_Op_44_I_Moderato_quasi_Marcia/Dvo_k_Serenade_for_Wind_in_D_minor_Op_44_1_Moderato_quasi_marcia_-_cut_6_t___149.097236-_-178.392957_t___
Wolfgang_Amadeus_Mozart/Piano_Sonata_no_17_in_BFlat_Major_K_570_1_Allegro/01_1_Allegro_2_Adagio_3_Allegretto_RECORTADO_-_cut_2_t___30.831519-_-60.461519_t___
Abel_Moreno/La_Madruga/La_Madruga_Marcha_de_Palio_Seville_Procession_-_cut_13_t___360.427671-_-392.92393_t___
Frédéric_Chopin/Nocturnes_Op_48_N_2/Nocturne_in_F_sharp_minor__Op__48_no__2_from_m4a_-_cut_3_t___61.711542-_-93.534521_t___
Ludwig_van_Beethoven/Symphony_no_1_in_C_major_Op_21_I_Adagio_molto_allegro_con_brio/Symphony_No_1_in_C_major_Op_21_I_Adagio_molto_allegro_con_brio_1_from_wav_-_cut_18_t___514.599312-_-536.704729_t___
Johannes_Brahms/Symphony_No_1_in_C_minor_Op_68_III_Un_poco_allegretto_e_grazioso/Symphony_No_1_in_C_Minor_Op_68_III_Un_poco_allegretto_e_grazioso_from_m4a_-_cut_6_t___151.874125-_-186.604229_t___
Johannes_Brahms/Symphony_no_2_in_D_major_Op_73_II_Adagio_non_toppo/Symphony_No_2_in_D_Major_Op_73_II_Adagio_non_toppo_from_m4a_-_cut_5_t___123.785562-_-145.008604_t___
Ludwig_van_Beethoven/Symphony_no_1_in_C_major_Op_21_IV_Adagio_Allegro_molto_e_vivace/Symphony_no_1_in_C_Op_21_IV_Adagio_Allegro_molto_e_vivace_1_-_cut_10_t___268.993812-_-302.508562_t___
Frédéric_Chopin/Waltzes_Op_70_1/Waltz_in_G_flat_major_Op_70_no_1_1_from_m4a_-_cut_3_t___64.725646-_-93.824083_t___
Wolfgang_Amadeus_Mozart/Piano_Sonata_no_14_K_457_II_Adagio/Piano_Sonata_no_14_K_457_II_Adagio_-_cut_4_t___90.870698-_-121.680698_t___
Frédéric_Chopin/Nocturnes_Op_37_N_1/Nocturne_Op__37_no__1_in_G_minor_EDIT_from_wav_-_cut_8_t___215.825708-_-244.614708_t___
Antonin_Dvorak/Dvok_Serenade_for_Wind_Instruments_Op_44_II_Minuetto/Dvo_k_Serenade_for_Wind_in_D_minor_Op_44_2_Minuetto_Tempo_di_minuetto_-_cut_7_t___181.017203-_-209.655493_t___
Francisco_Tarrega/23_Variaciones_sobre_el_carnaval_de_Venecia_de_Paganini/23_Variaciones_sobre_el_carnaval_de_Venecia_de_Paganini_from_m4a_-_cut_4_t___88.814789-_-117.998686_t___
Frédéric_Chopin/Mazurkas_Op_56_N_3/Mazurka_in_C_minor__Op__56_no__3_-_cut_2_t___29.210708-_-57.341687_t___
Frédéric_Chopin/Mazurkas_Op_7_N_5/Mazurka_in_C_major__Op__7_no__5_EDIT_from_wav_-_cut_1_t___0.0-_-26.958375_t___
Frédéric_Chopin/Nocturnes_Op_37_N_1/Nocturne_Op__37_no__1_in_G_minor_-_cut_2_t___29.686708-_-61.196187_t___
Frédéric_Chopin/Piano_Sonata_no_2_in_Bflat_minor_Funeral_March_op_35_MOV_2/Sonata_no_2_in_B_flat_minor_Funeral_march_II_Scherzo_1_-_cut_5_t___117.885458-_-152.680583_t___
Frédéric_Chopin/Impromptu_no_3_in_Gflat_major_Op_51/Impromptu_no__3_in_G_flat_major__Op__51__1__from_m4a_-_cut_7_t___184.818771-_-217.133812_t___
Ludwig_van_Beethoven/Symphony_no_1_in_C_major_Op_21_IV_Adagio_Allegro_molto_e_vivace/Symphony_No_1_in_C_major_Op_21_IV_Adagio_Allegro_molto_e_vivace_1_from_wav_-_cut_10_t___272.866417-_-298.849562_t___
Wolfgang_Amadeus_Mozart/Requiem_Mozart_V_Sanctus_MozartSssmayr/IMSLP581267_PMLP02751_Mozart_Requiem_11_Karajan_1962_from_wav_-_cut_1_t___0.0-_-32.43_t___
Wolfgang_Amadeus_Mozart/Piano_Sonata_no_17_in_BFlat_Major_K_570_2_Adagio/02_1_Allegro_2_Adagio_3_Allegretto_RECORTADO_-_cut_11_t___304.358117-_-332.118117_t___
Johannes_Brahms/Symphony_no_2_in_D_major_Op_73_II_Adagio_non_toppo/Symphony_No_2_in_D_Major_Op_73_II_Adagio_non_toppo_from_m4a_-_cut_11_t___306.904312-_-329.601812_t___
Pyotr_Ilyich_Tchaikovsky/Symphony_no_6_in_B_minor_Pathtique_Op_74_I_Adagio_Allegro_non_troppo_Andante/Symphony_No_6_In_B_Minor_Op_74_Pathetique_I_Adagio_Allegro_Non_Troppo_from_m4a_-_cut_24_t___840.109845-_-877.841904_t___
Ludwig_van_Beethoven/Beethoven_9th_Symphony_Op_125_II_Scherzo_Molto_Vivace_Presto/Beethoven_Symphony_No_9_II_Scherzo_Molto_Vivace_Presto_from_wav_-_cut_12_t___297.708833-_-359.578354_t___
Ludwig_van_Beethoven/Sinfona_n_7_de_Beethoven_Op_92_3_Presto/Beethoven_Symphony_No_7_in_A_major_op_92_III_Presto_-_cut_3_t___56.19625-_-120.075937_t___
Frédéric_Chopin/N_6___Etudes_Op_10/Etude_Op__10__no__6_in_E_flat_minor____Lament__from_m4a_-_cut_4_t___92.871333-_-120.862187_t___
